# 第3章　枯れ枝

生存反応のログは、その後も消えなかった。
三日続けて、夜中の二時に「反応あり」の文字が明滅した。カイは寝るのをやめて、監視盤の前で朝を待った。四日目の朝、彼は閉鎖警報の解除コードを打ち込んだ。

「開けるのか」
少女が、不安そうに背伸びした首を引っ込めた。
「誤作動なら、中は埃っぽいだけだ。それを証明しないと、俺が眠れない」
「私が、一緒に行っていいの？」
「離れて歩かれると、かえって怖いんだ」

扉が開くと、二年分の空気が押し出してきた。乾いた埃と、古い布の匂い。カイはライトを構えて、細い廊下を進んだ。壁のパイプは冷たく、どこからも物音がしない。
乗員共用の个小さな部屋。テーブルがあって、椅子が四つ。
そのテーブルの上に、マグカップが一つ、置いてあった。

カイは手を伸ばして、内壁に触れた。
「……温かい」
少女が息を呑む音がした。
「嘘。だって、ここ二年間、誰も……」
「誰もいない。閉めてたんだ」

ライトの光を移すと、壁際の私物棚が一つ、開いていた。中の作業服が乱雑に押し込まれている。床には簡易寝台が敷かれ、毛布が、人の体の形にくぼんでいた。
カイの指先が震えた。
「おい、おまえ……ここに来たことないよな」
「ない。覚醒してから、ずっとカイと一緒だったもの」
「本当に？」
カイは振り返った。ライトの光が少女の顔をまともに照らす。彼女は目を細めて、少し引きつった笑いを浮かべた。
「本当だよ。信じてないの？」

（誰がいるんだ。ここに）
閉め切った区画の中で、カップが温かい。毛布には体温の跡がある。まるで、ここに「誰か」が今も暮らしていて、二人が入ってきたばかりのように。

カイは枯れ枝を出ると、まっすぐ「ゆりかご」に向かった。医療区画のメイン端末なら、船内のすべての人感センサーの履歴を照会できるはずだ。
「なに、調べるの？」
「生存反応のソース。どのクルーのシグネチャーと一致するか」
カイはキーを叩いた。乗員名簿のリストが流れる。灰谷ソタ。灰谷ミチル。どちらも「死亡」の赤文字。その下に、自分の名前が並んでいる。
確認のために、自分のファイルを開いた。

『氏名：灰谷カイ　状態：生存　適合因子：陽性　備考：第二母体候補（未登録）』

第二母体候補。
意味が呑み込めなかった。母体？　自分が？　何の？
背後で気配がした。少女が覗き込もうとしていた。
カイは反射的に画面を切り替えた。乗員リストの画面に戻る。
「今の、なに？」
「親父の健康診断の記録。昔のデータを見てただけだ」
嘘だった。喉が渇いた。

「次はこれ」
カイは手早く、ミオのポッドの起動ログを呼び出した。日付が並ぶ。最後の記録は、彼女が穹窿で見つかった日だ。
その前の行に、覚醒の記録があった。
少女がポッドから出たのは、カイが彼女を見つけるより、十一日も前だった。

カイは椅子を回って、少女を見上げた。
「おまえ、会う前から起きてたんだな」
少女の顔から、血の気が引いていくのが分かった。
「私は……覚醒したら、すぐ……」
「十一日だ。その間、どこにいた？　枯れ枝か？」
「ちが……覚えてないの。白い部屋と、声しか……」
「温かいカップがあった。毛布に跡がついてた。ここに誰かがいたんだ。おまえしかいない」

少女は下唇を噛んだ。瞳が揺れて、カイの顔をまっすぐ見た。
「……カイこそ、私のファイルを見たでしょう」
カイの手が止まった。
「私が『第七号』だって、ずっと前に知ってたんでしょ。なのに、なにも言わなかった」
「なんで、それを……」
「だって、カイの目がそう言ってたもの。私を見る目が、最初っから『貨物』を見る目だった」

航行画面の端で、ほたるがまた光った。昨日より明るく、昨日より大きく。
星は動かない。だが、ほたるの光点は、背景の星々に対して、わずかに、ゆっくりと、動いていた。
まるで、船を追いかけてくるように。
カイは画面と少女を、交互に見た。
信じられるものが、一つもなくなった。
