## CH03
SUMMARY: 5晩にわたる生存反応のログを追い、カイは封鎖区画「枯れ枝」を開放する。誰も入れないはずの場所で、温かいカップと体温の跡のある毛布を発見。調査中、少女の覚醒が発見の11日前だったことが判明し疑うが、少女は「カイこそファイルを見て隠した」と反論する。カイは自身のファイルの「第二母体候補」を隠蔽。さらに星「ほたる」が船を追跡していることを知り、信頼は崩壊する。
FACT: 封鎖区画「枯れ枝」内で、温かいカップ、体温の跡がある毛布、温かい内壁が発見された。
FACT: 「枯れ枝」の出入りログは、嵐の後の手動閉鎖以降、誰のIDも記録されていない。
FACT: 少女がポッドから覚醒していたのは、カイが彼女を見つけるより11日前である。
FACT: カイのファイルには「第二母体候補（未登録）」と記載されている。
FACT: 星「ほたる」の光点は、星図に名前がなく、船を追跡するように動いている。
FACT: 地球までの残り日数は183日であり、燃料はその日数分しかない。
SLOT: F1=reinforced | 描写: 誰も入れないはずの封鎖区画「枯れ枝」で、温かいカップと体温の跡が残る毛布を発見した。
SLOT: F4=planted | 描写: カイが自身のファイルに記された「第二母体候補（未登録）」の文字を見て、少女から隠す。
SLOT: R1=reinforced | 描写: 少女の覚醒が11日前であり、その間の記憶がないことから、カイは彼女が「枯れ枝」にいたと疑いを強める。
STATE_BOY: 知識：異常の実在、少女の11日の空白、自身の「第二母体候補」、星の追跡。感情：混乱、疑心、喪失感。身体：喉の渇き。
STATE_GIRL: 知識：カイが自分のファイルを隠していること。感情：恐怖、悲しみ、反発。身体：顔面蒼白。
DISTANCE: 1（七日分の距離が開き、信じられるものがなくなった）。
CLOCK: 地球到達まで183日。五晩目の明滅が消えた朝。
OPEN: 封鎖区画にいた「誰か」とは誰なのか。
OPEN: 「第二母体候補」とは何を意味するのか。
OPEN: 少女の記憶がない11日間に何があったのか。
OPEN: 船を追う星「ほたる」の正体は何か。
LAST: 信じられるものが、一つもなくなった。