## CH04
SUMMARY: 循環ポンプが停止し、カイはミオの助けを借りて養液管の詰まりを除去する。作業中に指が触れる。昼食で二年ぶりに塩を開け、ミオが笑いを誘う。ミオが鼻歌をうたうが、覚えがないと言う。点検表を作成し、二人力で開けるバイパス弁の競争をする。梢で星を見ながら「着いたら海を見る」と約束する。別れ際、ミオの手が異常に熱く、カイは違和感を覚える。
FACT: 養液管の詰まりは根の屑と繊維の塊によるもの。
FACT: カイは二年ぶりに塩の小瓶を開けた。
FACT: ミオは「ゆりかごで聴いた」と思われる歌を覚えていない。
FACT: 根のバイパス弁は二か所を十秒以内に同時に回さないと開かない。
FACT: 点検表は「葉・ゆりかご（ミオ）」「根・幹・梢（カイ）」に分担された。
FACT: 二人は到達後に海を見る約束をした。
FACT: ミオの掌は異常に熱かった。
SLOT: F3=reinforced | 描写: 別れ際に握手したミオの掌が異常に熱く、熱を出した顔が灰色でないことへの違和感。
SLOT: F5=reinforced | 描写: 根の両端にあるバイパス弁は、二か所を十秒以内に揃えて回さないとロックが解けない仕掛け。
SLOT: F6=planted | 描写: 梢で星を見ながら「着いたら二人で海を見る」と約束する。
SLOT: M1=reinforced | 描写: ミオが夜の廊下で聞いたのと同じ歌を鼻歌でうたうが、どこで覚えたか思い出せない。
STATE_BOY: ミオとの共同作業や食事を通じて距離が縮まり、笑顔や約束を受け入れる。しかし、ミオの手の熱さに対する違和感を覚えている。
STATE_GIRL: カイを「半分は疑っている」が「休戦」を申し出る。日課を覚え、競争を楽しむ。自分の体温の異常や歌の記憶喪失に自覚がない。
DISTANCE: 3 (共同作業、食事の共有、身体的接触、約束により急速に親密化)
CLOCK: 到達まであと162日。燃料はその日数分しかない。
OPEN: ミオの手が異常に熱かったのはなぜか？
OPEN: ミオが覚えていない歌はどこから来たのか？
OPEN: バイパス弁を開けると何が起きるのか？
LAST: それでも、掌だけが、しばらく熱かった。