## CH05
SUMMARY: 船の傾きと噴射の記録、ミオの移動記録が完全に一致。ほたるの正体はミオ体内の銀の種が発する信号であり、枯れ枝の生存反応もそのこだまだと判明し、他の生存者の可能性は消えた。地球からは灰色病の変異株が確認され、生存圏の余命は二百十日。種の成熟は百十日後で、船の到達（百五十日後）より早い。カイは加速を考えるが燃料の問題に行き詰まり、ミオは数字を書き写す。
FACT: 船の姿勢制御噴射のタイミングと向きが、ミオの区画移動と完全に一致している。
FACT: 「ほたる」の正体は、ミオの体内にある銀の種が発する微弱な電磁放射である。
FACT: 枯れ枝の生存反応はほたるの明滅のこだまであり、他の生存者は最初から存在しなかった。
FACT: ミオは睡眠中に無意識に移動し、枯れ枝にカップを置いていた可能性がある。
FACT: 地球で灰色病の変異株が確認され、生存圏の余命は二百十日と再計算された。
FACT: ミオ体内の種の成熟予定期日は百十日後で、船の到達予定（百五十日後）より早い。
FACT: 計画書に「早く熟れる種」や「燃料を増やして早く着く」方法は記されていない。
SLOT: F1=recovered | 描写: 噴射の記録とミオの移動記録を重ねて線が揃い、発信源がミオ体内の種であると特定された。
SLOT: R1=recovered | 描写: 枯れ枝の生存反応のログがほたるの明滅と1秒も狂わず重なったことで、「誰もいなかった」と否定された。
SLOT: C1=recovered | 描写: 地球からの放送で灰色病の変異株が確認され、生存圏の余命が二百十日と提示された。
STATE_BOY: 知識: ほたるの正体、他の生存者の不在、地球と種の残り時間。感情: 謎は解けたが、種の成熟が到達より早いというジレンマに直面し、言葉が出ないほどの重圧を感じている。身体: 緊張状態。
STATE_GIRL: 知識: 自分の体内に種があり信号を出していること、睡眠中の無意識の移動、地球の危機。感情: 不安を抱えつつも、目の前の数字を書き写すことで現状を維持しようとしている。身体: 掌が以前より熱を持っている。
DISTANCE: 4 (共通の秘密と切迫した危機を共有し、共に問題に立ち向かっている)。
CLOCK: 到達まで150日 / 種の成熟まで約110日 / 地球の生存圏の余命210日
OPEN: 船を加速して燃料を消費すべきか？
OPEN: 種が熟したとき、ミオの体に何が起こるのか？
OPEN: ミオの無意識の移動はどこまで進行するのか？
LAST: 根の方角から、いつもの低い振動が聞こえていた。船は、まだ銀の川をのぼっていた。
