# 第7章　二つの鍵

眠れなかった。

壁の数字は、まばたきするたび同じところにいた。百四十九。百九。二百十。天井のパイプは幹のように走って、静かに、何も語らなかった。

カイは起きあがり、根へ降りた。低い振動が足の裏から迎える。工具箱から真鍮のスパナを取った。ほかに、やることが見つからなかったからだ。

弁を回す。抵抗を確めて、戻す。朝なら日課だが、夜にやるのは初めてだった。夜の手は、朝より多く訊いてくる。

――この弁は、いったい何を、バイパスしているのか。

カイは管を手のひらで辿った。弁の先は断熱材に包まれ、壁の中へ消えている。壁の向こうで、指先が冷たさに当たった。霜の匂いがした。燃料だ。

点検口の蓋を開けた。二年のあいだ、一度も開けたことはなかった。

古いタンクがいた。圧力計の針は、生きていた。手近な端末で燃料系統図を出す。図のどこにも、そのタンクは描かれていなかった。

タンクの足元に、油に染んだ手帳が一冊、鎖で結ばれていた。

親父の字だった。

「〇日。予備、異常なし」

同じ行が、何年分も続いていた。行と行のあいだに、短い文がはさまっていた。

「管を綺麗にすれば、燃えかたは正直になる。浮いた分はここへ回す。台帳に載せない。載せれば計画が減速の分として飲み込む。飲み込まれた燃料は、急ぐために使えない」

「この弁は二本で開く。一人では決して開かない。それでいい。大事な弁を一人に開けさせるな――俺の親父の言いつけだ」

最後の頁は、嵐の前日だった。

「晴れたら、カイに見せる。あいつはもう、弁を覚えた」

カイは手帳を握った。紙は、油のぶんだけ重かった。

端末に数字を並べる。計上燃料の残りと、タンク十二パーセント。航法の答えは単純だった。全燃焼、常時一点二G、燃焼約五十日。到達は百四十五日目。窓は百四十日目から百五十日目まで。

五日ぶんの隙間が、初めて開いた。熟れる前に着く。着いてから、熟れる。

手帳の次の頁にも、親父は書いていた。

「種の降ろしかたは、要綱の採取篇を見ろ。読む者は、ミチルか、この弁を覚えたやつになる」

幹に戻り、要綱の採取篇を開く。一語ごとに、目が重くなった。

『採取は、適合因子保有者の生体神経接続（案内糸）による誘導を要す。接続の間、代行者の両手指の微細感覚は不可逆に失われる』

代行者の名簿。灰谷ミチル――適合因子、陽性。失効。灰谷カイ――適合因子、陽性。未登録。

母の名には、失効の印が押されていた。残ったのは一つ。カイの名だった。

カイは自分の両手を見た。弁を回し、管を洗い、菜葉を摘んできた手だ。彼女の体から銀を引っぱり出すために、この手が感覚を払う。

双鍵コンソールは幹の中心にあった。全燃焼への切替項目を開くと、画面は定型どおりに返した。

『全燃料燃焼への移行には、承認資格者二名の同時承認を要す』
『現在有効な認証ID、二件』

二件。

船はいまも彼女を貨物と呼んでいる。それなのに、鍵は二本を要求した。機械には乗員と貨物の区別がつかない。鍵は、ただ二本、必要なのだ。

　◇

翌日、カイは管を一本ずつ手で確め、計算を三度やり直した。数字は動かなかった。

そのまた翌日の朝、カイはゆりかごの扉の前に立った。

扉は開いていた。ミオは恒温槽の縁を布で拭っていた。視線だけが、こちらへ来た。

「父の日志を見つけた」カイは言った。「計上されていない燃料がある。親父が少しずつ溜めていた。それを燃やせば、百四十五日目に着ける。窓の内側だ。余裕は五日」

布の手が止まった。

「それから、俺のファイルだ。三日目に読んで、黙っていた。適合因子、陽性。第二母体候補。……前にも言いかけた。黙ってたら、君がいなくなる気がした。今度は言う。黙ってるほうが、よほどまずい」

ミオは振り向いた。「私の承認が要るから、来たのね」

「鍵は二本。俺と、君のしかない」カイは言った。「押すかどうか決めるのは君だ。俺が決めることじゃない」

「種を降ろすには、案内糸が要るんだろう。あなたの神経を、私の体に繋ぐの？」彼女は自分の腕を押さえた。「そしてあなたの手は、感じなくなる」

「ああ」

「私がだめだったら？」

「種もだめになる。だから、だめにしない」

「根拠は？」

「五日分の余裕と」カイは言った。「二人ぶんの手だ」

ミオは槽の縁に手を置いた。「燃焼したら、船は止められないの」

「減速の分も燃やす。着いても止まれない。通り過ぎる。壺に種を移して、通過のときに地球へ落とす。それきりだ」

「海は」

彼女は言った。

「着いたら見るって、約束した」

「見れない」カイは言った。「俺たちには見れない。でも、種が届けば海はなくならない。誰かが見る。それだけの話だ」

水音だけが、しばらく続いた。

「……約束は、死ぬのね」ミオは言った。「私の口で、そう決める。海は見れない。それでも、海は残る」

彼女はカイの手首を見た。「あなたの手がだめになったら、点検は？」

「いらなくなる。着くまで持てばいい」

「痛みは？」

「書いてない。感覚が消えるとだけ」

「条件がある」ミオは言った。「承認は私が打つ。あなたが押すのは、あなたの鍵だけ。それと――記録に私の名前を残して。第七号じゃなく。押したのはミオだと、残るように」

「誰も読まないかもしれない」

「残れば、いいの」

カイは自分の掌を開いた。指は、まだ自分のものだった。「俺は押す」彼は言った。「手がだめになるなら、世界のために使う。それでいいなら、俺は押す」

「……それでいいなら」ミオは繰り返し、初めてまっすぐ目を上げた。「私も、押す」

　◇

その夜、二人は根で一度だけ、回すまねをした。離れて立ち、声を管に伝え、十秒を数える。

翌朝、双鍵コンソールに二本の鍵が差し込まれた。

『承認を確めてください』

カイの指が沈んだ。隣で、ミオの指が沈んだ。同時だった。

『承認二件。移行手順を解放します』

機械の声はそこで止まった。あとは、手の番だった。

根の両端に、二人は離れて立った。弁は互いに見えない。カイはスパナを握った。管のむこうから、声が来る。

「三点」

「二点」

「一点」

「――回して」

鉄が鳴った。二本の弁が、十秒以内に揃って開いた。深いところで、鈍い音が連なる。管を流れるものが変わった。川が水量を増したように。

主機に火が入った瞬間、床が二人を押した。一点二倍の重さ。膝が折れかけ、船が低く呻き、それから振動が整った。体は重い。二年つづいた軽さ