## CH08
SUMMARY: 1.2Gの環境で眠る日々が続き、二人の身体は劣化した。ミオの熱は上がり、カイの指先は感覚を失う。百四十一日目、カイはミオの種から「銀の川」を壺へ導き、ミオは白い部屋の記憶と歌詞を失った。百四十五日目、地球を見るが着陸はせず、壺を大気圏へ落とした。十二日後、地球からの通信で咳が止まったことを知る。燃料の尽きた船の中、カイが歌うとミオがハミングで重ねた。
FACT: 1.2Gの環境で眠ることが仕事となり、食欲と夢を失った。
FACT: ミオの体温が日ごとに上がり、カイの指先も感覚を失い、道具が持てなくなった。
FACT: 百四十一日目、カイは端子接続によりミオの種から「銀の川」を銀の壺へ導いた。
FACT: 儀式の結果、ミオは「白い部屋」の記憶と歌の歌詞を全て失った。
FACT: 百四十五日目、地球（海のある青い惑星）を穹窿から見たが、着陸せず通り過ぎた。
FACT: 銀の壺は船から放出され、地球の大気で光となって燃え尽きた。
FACT: カイは触覚を失い、ミオの手の熱を感じられなくなった。
FACT: 地球通過の十二日後、地球からの通信で咳が止まったことと生存者名簿を受信した。
SLOT: F6=recovered | 描写: 百四十五日目、穹窿から地球の海を見て「約束」「見えたね」と確認し、銀の壺を地球へ落下させた。
SLOT: C1=reinforced | 描写: 地球からの通信で「咳が止まった」と生存者名簿が読み上げられ、地球が救われたことが確認できた。
SLOT: M1=recovered | 描写: カイが「ねんねのお里の…」と歌い、記憶を失ったミオがハミングで重ねて二つの音が重なった。
STATE_BOY: 知識：白い部屋の記憶を全て覚えていること、地球の咳が止まったことを知っている。感情：約束を果たした安堵と喪失感。身体：触覚を失い、ミオの熱を感じないが、声は出る。
STATE_GIRL: 知識：白い部屋の記憶と歌詞を失ったが、カイが覚えていると知っている。感情：白い部屋との別れの涙から、穏やかな安らぎへ。身体：高熱が続き、スプーンが持てないが、ハミングはできる。
DISTANCE: 5｜記憶と感覚を分け合い、失った記憶をカイが補い、二人の音が一つに重なる最深の絆。
CLOCK: 百五十七日目（地球通過から十二日後）。燃料計は底をつき、船は地球を離れて漂流中。
OPEN: 燃料の尽きた船はどこへ向かうのか。
OPEN: カイが覚えている「白い部屋」の記憶は永遠に残るのか。
LAST: 二つの音が、銀の川を、のぼっていく。