# CANON

## 0. タイトルと要旨
- タイトル：『銀の川をのぼる』
- 一行要旨（結末まで含む）：死にゆく地球へ「治療の種」を運ぶ移民帰還船で、貨物として育てられた少女ミオと船育ちの少年カイが出会う。種が早熟し、規律の数字が二人を追い詰める。全燃料を燃やしてだけ間に合う航路を選んだ二人は、世界を救いながら、停まれないまま星の海へ出ていく。

## 1. 舞台（船）
- 船の種類と目的：恒星間帰還船「トチノキ号」。植民星アオバ（地球から4.3光年）から、灰色病に冒された地球へ「銀の種」を届ける。全航程4.3光年・計画航海22年。現在、航海21年7か月。
- 本文で使う区画：
  - 「幹」— 居住・中枢区画。カイの生活の場。天井のパイプが木の幹のように走る。
  - 「梢」— 観測ドーム。船いちばん前の透明な穹窿。星がよく見える。
  - 「ゆりかご」— 医療・培養区。恒温槽と医療ポッド。ミオが育った場所。
  - 「根」— 機関区。燃料管と手動バイパス弁がある。常に低い振動。
  - 「枯れ枝」— 嵐で閉鎖された旧クルー区画。生存反応の誤報が出る。
  - 「葉」— 水耕菜園。食料の芋と菜葉。船で唯一「緑」のある場所。
- 閉鎖状況が成立している理由：最寄りの助けは後方4.3光年のアオバだけで、地球は灰色病で送るものがない。他の船は存在しない。嵐で通信アレイが損傷し、受信はできるが送信はほぼ不可能。
- 物語全体の時間の長さ：約5か月（覚醒の日からフライバイ通過後12日まで）。

## 2. 規則（動かせない条件）
- 規則の内容：「トチノキ号の燃料は、計画航路分しかない。計画航路の到達は190日後。地球の全滅ラインは210日後。計画の前提は『銀の種は母体とともに眠り、到着の朝に目覚める』こと」。
- 本文で使う数値（以後変更禁止）：
  - 標準航路の到達まで190日（物語開始時）
  - 地球の全滅ラインまで約210日（変異株確認後もこの値）
  - 種の成熟＝母体の限界まで約150日（物語開始時から）
  - 採取可能な窓：成長140日目〜150日目の10日間
  - 全燃料航路（予備12%を含む全燃焼・常時1.2G・燃焼約50日）：145日目に到達、減速不能
  - 予備12%を残した最速到達：158日目（間に合わない）
  - フライバイ後：再生系の寿命で数年以内に船は限界を迎える
- 規則の隠れた前提（＝F2の中身）：「種は母体の中で眠ったまま成長し、母体は種が熟すより先に地球へ着く」という設計時の前提。嵐の放射がそれを崩し、種は早熟し、成熟と同時に母体を殺す。熟した種は母体の死と同時に死ぬ（銀の糸が神経と融合しているため）。

## 3. 異常な事態
- 二人に見えている現象：誰も入力していない姿勢制御噴射（床の傾き）、航行画面にだけ現れる明滅する幽霊星「ほたる」、閉鎖した「枯れ枝」の生存反応と生活の痕跡、船内時計の微小なずれ。
- 本当の原因：ミオの体内の銀の種が嵐の放射で早熟を始め、微弱な電磁放射を出している。船の航法センサーはそれを星の信号として受け取り、「ほたる」として表示し、針路を補正し続けている。「枯れ枝」の生存反応もその電磁のこだま（一部はミオの夢遊によるもの）。

## 4. 残酷な事実
- 内容：①ミオは貨物「第七号・培養母体」であり、観測員見習いとして与えられた教育はすべて飼育管理の記録だった。②種は早熟しており、成熟（150日目）と同時にミオを殺し、種自身も死ぬ。計画通りでは世界もミオも救えない。③採取には適合因子を持つ生きた人間の神経接続（案内糸）が必須で、その接続は代行者の両手の微細感覚を永久に焼く。
- 規則からどう導かれるか：燃料の総量（規則）×種の早熟（前提F2の崩壊）により、「間に合う航路」は「減速できない航路」と一体でしか存在しない。悪意も偶然もなく、数字がそのまま結論になる。
- 少年が知る瞬間：自分が「第二母体候補」だと知るのは3章。全貌（窓・代償・二名承認）は7章。／少女が知る瞬間：自分が貨物だと知るのは6章（第1章でカイだけがチップ表示を目撃し、黙っていた）。

## 5. 世界の賭け金（＝C1の中身）
- 世界が失いうるもの：地球人類すべて。灰色病（灰の雨として降った異常プリオン）により全滅ライン210日。
- 二人の運命との結びつき：種はミオの体の中にしかなく、ミオの命と世界の命が同じ数字（150日）で縛られている。種を早く地球に届けるには燃料をすべて燃やすしかなく、それは二人の帰る場所を燃やすこと。
- 救われたことを示す方法（第三の人物を出さずに）：フライバイ時に「銀の壺」を投下し、離脱後に受信する地球側の電波（鐘の音、咳の消えた街の声、生存者の名前の読み上げ）で示す。

## 6. 人物
### 少年
- 名前・年齢・立場：灰谷カイ、17。船内生まれ。父・機関長ソタ、母・船長ミチル。2年前の塵嵐でクルー6名が死亡し、以後2年間ひとりで船を保全している。
- 欲しいもの（表の目的）：計画どおり船を地球に着けること（父との約束のように守ってきた日課の延長）。
- 欠けているもの（内なる課題）：ひとりで生きることに慣れすぎて、誰かを信じる手順を忘れている。
- 少年の真実（＝F4の中身）：母ミチルはアオバ創世世代の血で、カイは「適合因子：陽性」。医療記録には「第二母体候補（未登録）」とある。採取の案内糸は彼でしか務まらない（本来は母の予定だった）。
- 一人称・口調・口癖：「俺」。短く、ぶっきらぼう。「……だろ」「別に」。
- 台詞サンプル：
  1. 「貨物が歩いてる。俺の知ってる船じゃ、そんなもんはいない」
  2. 「親父の掃除癖だ。体で覚えろ、って。うっとおしいだろ」
  3. 「海は見れない。でも、海は残る。それでいいなら、俺は押す」

### 少女
- 名前・年齢・立場：ミオ、16。「ゆりかご」の恒温槽で育てられた。覚醒前の記憶は白い部屋と声のレッスンの断片だけ。自分を「観測員見習い」だと思っている。
- 欲しいもの（表の目的）：乗員として認められること。船のことを「うちの船」と呼ぶ。
- 欠けているもの（内なる課題）：自分の出所を知らない。名前ひとつ、誰につけてもらったのか分からない。
- 少女の真実（＝F3の中身）：登録名は「貨物・第七号・培養母体」。教わったことはすべて母体管理の工程。「ミオ」という名は管理日志の世話係の呼び名にすぎない。体内の種が目覚めつつある（体温上昇・電磁放射）。
- 一人称・口調・口癖：「私」。柔らかく、少し形式ばった（録音から学んだ話し方）。疑問文が多い。
- 台詞サンプル：
  1. 「うちの船は、ここから先も行けるの？」
  2. 「この歌、どこで覚えたんだろう。思い出せないの」
  3. 「第七号じゃない。私には、名前がある」

### 二人の関係
- 第1章→第8章の変化（一行で）：互いを「異物」として見つけた二人が、数字に囲まれるうちに唯一の「同じ側の人間」になり、最後に世界のために未来を一緒に手放す。

## 7. 伏線スロット
- F1 中身：幽霊星「ほたる」（種の電磁放射の自機センサー反射）／設置(1章)：カイが日課の最中に航行画面の「ほたる」の明滅を指で叩き、「センサーの幽霊」と呟いて無視する／補強(3章)：「ほたる」が増光し、星に対して動いているのに気づく／回収(5章)：ほたるの軌跡とミオの移動記録を重ねて一致。種の放射だと判明する。
- F2 中身：「種は眠ったまま、母体は種より先に着く」という計画の前提／設置(2章)：任務章典の一文「種は母体とともに眠り、到着の朝に目覚める」を読み上げる／回収(6章)：母体管理要綱が開かれ、前提は嵐の放射で崩れ、成熟＝母体の死、採取窓140〜150日と判明する。
- F3 中身：ミオは貨物「第七号・培養母体」／設置(1章)：カイが彼女のIDチップをスキャンし「貨物・第七号」の表示を目撃する（ミオには黙る）／補強(4章)：ミオが自分を「観測員見習い」と語り、出所の分からない歌を口ずさむ／回収(6章)：母体管理要綱により、教育＝飼育管理、名前の由来まで判明。二人が衝突する。
- F4 中身：カイは適合因子保有者（案内糸の唯一の代行者）／設置(3章)：医療記録で自分のファイル「適合因子：陽性／第二母体候補（未登録）」を見つけ、ミオに隠す／回収(7章)：採取の案内糸が彼でしか務まらないと知り、自ら接続台に手を通す。
- F5 中身：父ソタの日課「手動バイパス弁の点検」と、コンピュータに記録されない予備タンクの存在／設置(2章)：カイが真鍮のスパナで弁を回す朝の日課（取るに足らない習慣として）／補強(4章)：二人の遊びとして弁回しの競争をする。根区の両端、10秒以内の同時作業／回収(7章)：嵐で燃料系の自動操作が死んでいるため、予備タンクを燃焼系に繋ぐには二人同時の手動弁操作しかない。ch4の遊びがそのまま実作業になる。
- F6 中身：「地球に着いたら、海を見る」という約束／設置(4章)：梢で二人が約束する（カイも海を見たことがない）／回収(8章)：フライバイの最中、梢いっぱいに太平洋が広がる。約束は「別の形」（軌道からの一瞥）でだけ果たされる。
- R1 中身：「船にもう一人、隠れた生存者がいる」という誤った手がかり／設置(2章)：枯れ枝の生存反応ログをカイが見せる／補強(3章)：枯れ枝で温まったカップ、開けられた私物棚、毛布のくぼみを発見。誤推理がピークに（互いを疑う）／否定(5章)：生存反応は種の電磁のこだま（とミオの夢遊）だった。「第三の人物」は存在しない。否定が「発信源はミオの体内」への一歩になる。
- C1 中身：地球人類の滅亡（灰色病・全滅ライン210日）／設置(2章)：船内記録の地球からの遅れて届く放送（死者数、南半球の沈黙）／回収(5章)：最新の放送を解読し「変異株・全滅ライン約210日」を確認。世界の数字が船の数字と並ぶ／確認(8章)：フライバイ後の電波で、鐘の音と咳の消えた声、生存者の名前が流れる。
- M1 中身：ミオが無意識に口ずさむ子守唄（「ゆりかご」の音源は嵐で焼失し、記録は世界のどこにも残っていない）／1回目(1章)の意味：暗い廊下に流れる見知らぬ歌。異物・幽霊の気配／2回目(4章)の意味：菜園で歌うミオ。日常と居場所の音／3回目(8章)の意味：出所を忘れたミオに代わり、カイが歌い返す。歌だけが二人を乗せて残る。

## 8. 結末
- 唯一の方法：双鍵コンソールでの二名同時承認のもと、父の隠し予備タンクを手動バイパス弁（二か所同時・10秒以内）で燃焼系に繋ぎ、全燃料航路（145日目到達）へ移る。到達後、採取窓内で「ゆりかご」により種を「銀の壺」へ移し、案内糸としてカイが接続する。フライバイで壺を地球へ投下する。
- それが二人でなければ成立しない理由：全燃焼への切替は二名の同時承認（反乱防止の二鍵制）が必要。弁操作は二か所の同時作業で一人では物理的に不可能。採取はミオの体とカイの適合因子の両方がそろって初めて成立する。
- 二人が失うもの（不可逆）：减速燃料のすべて＝地球に停まる未来（フライバイ後は戻れず、数年以内に船は寿命を迎える）。カイの両手の微細感覚（案内糸の焼灼）。ミオの覚醒前の記憶（白い部屋、歌の出所）。
- 世界が得るもの：銀の種。灰色病の終わり。
- 最後の場面のイメージ（1〜2文のメモ）：青く後光を放つ地球が梢を満たし、やがて一つの星へ縮む。減らない船の中で、感じなくなった手を握り、二人で歌をのぼっていく。

## 9. 不変条件
- 現在に登場し意思を持って話す人物はカイとミオの二人のみ。船の音声は録音・定型応答しか発しない。
- カイ17、船内生まれ。2年前の塵嵐でクルー6名（父ソタ、母ミチル含む）が死亡、以後独居。
- ミオ16、「ゆりかご」育ち。カイと会う11日前に覚醒し、最初の11日を枯れ枝で過ごした（夢遊と録音端末のため）。
- 数値：標準到達190日目／地球ライン210日目／種の成熟＝母体の限界150日目／採取窓140〜150日目／全燃料航路145日目／予備12%を残すと最速158日目／全燃焼は常時1.2G・約50日間。
- 全燃料燃焼には双鍵コンソールの二名同時承認が必須。
- 手動バイパス弁は二か所（根区の両端）を10秒以内に同時操作しないと開かない。嵐で燃料系の自動操作は死んでいる。
- 種は母体の死と同時に死ぬ。140日目以前に母体の外へ出すと死滅する。
- 採取には適合因子保有者の神経接続（案内糸）が必須。代償として代行者の両手の微細感覚を失う。
- 採取後、ミオは覚醒前の記憶を失う。歌の出所は誰（本人含め）も分からなくなる。
- 「ほたる」は種の電磁放射の自機センサー反射であり、実在の星ではない。
- ミオの登録名は「貨物・第七号・培養母体」。カイは第1章にチップ表示を目撃し、第6章まで黙っていた。
- 「ゆりかご」の子守唄の音源は嵐で焼失し、記録は残っていない。
- 船は減速不能となり、地球通過後は帰れない。再生系の寿命で数年以内に船は限界を迎える。
- 二人の承認・選択なしに解決は起きない。外部からの救助は存在しない。

## 10. 文体
- 視点・人称：三人称一元（カイの視点に限定）。カイの知覚できない事実は地の文で直接書かない。
- 時制：過去形の語り。
- 文体の指針：①短い文。感情は説明せず、行動・台詞・身体感覚・船内の物音で見せる。②比喩は木（トチノキ・幹・梢・根）と銀と川のイメージに寄せる。③説明は会話・発見・作業に分散させ、設定説明の段落を作らない。
- 避ける表現：「伏線」「スロット」等の管理用語、視点逸脱、意味ありげな一文で段落を締める手法の反復、長いSF用語の解説。
- 固有名詞一覧：トチノキ号／アオバ／灰色病／灰の雨／銀の種／銀の壺／ゆりかご／幹／梢／根／枯れ枝／葉／ほたる／双鍵コンソール／真鍮のスパナ／灰谷カイ／灰谷ソタ／灰谷ミチル／ミオ／第七号・培養母体／第二母体候補／適合因子／銀の川（歌）

## 11. 章カード

<!-- CARD:01 -->
### 第1章「ほたる」
- 場面（2〜4）：①根区での朝の日課（弁点検・「ほたる」を叩く）②夜の幹の廊下に流れる見知らぬ歌③梢での初対面（互いに警戒・敵意）④IDチップのスキャン
- 起きること：独居2年目のカイが、歌の主を追って梢でミオを見つける。互いを「幽霊／侵入者」と疑う。スキャンで「貨物・第七号」の表示をカイだけが目撃し、黙る。ミオは自分を観測員見習いと名乗る。
- 伏線の扱い：F1設置（ほたるの明滅を日常のノイズとして流す）、F3設置（チップ表示・見習い名乗り）、M1設置1回目（廊下の歌＝異物の気配）。
- 章末の引き：入力していない姿勢制御噴射で床が傾き、同時に「ほたる」が一瞬二つに割れて見える。二人が同時に目撃する。
- まだ明かさないこと：チップ表示の意味、種の存在、ほたるの正体、ミオの覚醒からの日数。
- 章末時点の数値：到達まで190日。
<!-- /CARD:01 -->

<!-- CARD:02 -->
### 第2章「閉ざされた幹」
- 場面（2〜4）：①船の案内（幹・梢・ゆりかご・根・枯れ枝・葉）②資源と燃料の棚卸し③任務章典と地球の放送記録④枯れ枝の生存反応ログ
- 起きること：閉鎖の条件が確定する（助けは来ない）。数字が並ぶ：到達190日、地球ライン210日、燃料は計画分のみ。章典の一文「種は母体とともに眠り、到着の朝に目覚める」。カイの朝の日課（真鍮のスパナ）をミオが見る。
- 伏線の扱い：F2設置（章典の一文）、C1設置（放送記録）、R1設置（枯れ枝の生存反応）、F5設置（弁点検の習慣、取るに足らないものとして）。
- 章末の引き：ミオが「もし種が、眠ってなかったら……？」と問いかけ、カイが「計画は眠ってる」と遮る。誰かが前提に気づきかける。
- まだ明かさないこと：種の早熟、ほたるの正体、予備タンクの存在、ミオの真の登録名。
- 章末時点の数値：到達まで188日／地球ライン210日。
<!-- /CARD:02 -->

<!-- CARD:03 -->
### 第3章「枯れ枝」
- 場面（2〜4）：①枯れ枝への探索②温まったカップと開けられた私物棚③医療記録室でカイが自分のファイルを見る④互いの日志の突き合わせ
- 起きること：第三の生存者の痕跡（誤った推理のピーク）。カイは「適合因子：陽性／第二母体候補（未登録）」を見つけて隠す。ほたるが増光し星に対して動く。ミオのポッド日志から「会う11日前に覚醒」が判明。
- 伏線の扱い：R1補強（痕跡と誤推理）、F1補強（ほたるの増光・移動）、F4設置（ファイルと隠蔽）。
- 章末の引き：カイが「おまえ、会う前から起きてたんだな」と問い、ミオが「カイこそ、私のファイルを見たでしょう」と返す。互いを疑わざるをえない。
- まだ明かさないこと：適合因子の意味、ミオの覚醒の理由、ほたる＝ミオの放射。
- 章末時点の数値：到達まで183日。
<!-- /CARD:03 -->

<!-- CARD:04 -->
### 第4章「葉の塩」
- 場面（2〜4）：①葉の水耕管詰まりの共同修理②菜園での食事（塩を初めて舐めるミオ、笑い）③根区での弁回し競争（両端・10秒）④梢での夕景
- 起きること：疑いを保留したままの休戦。日課を分け合い、ミオが「うちの船」と言う。ミオが出所の分からない歌を口ずさむ。梢で「着いたら海を見よう」と約束する。
- 伏線の扱い：F5補強（弁回しの遊び＝後の実作業の型）、M1補強2回目（日常の歌）、F3補強（見習いの自己認識と歌）、F6設置（海の約束）。
- 章末の引き：別れ際、ミオの指先が熱すぎる。本人は気づかず、カイだけが気づく。静かな不穏ひとつ。
- まだ明かさないこと：体温上昇の意味、種の成長、カイのファイルの中身。
- 章末時点の数値：到達まで162日／ミオの体温37.8度。
<!-- /CARD:04 -->

<!-- CARD:05 -->
### 第5章「こだま」
- 場面（2〜4）：①噴射の頻発とカイの軌跡のプロット②移動記録との重ね合わせ③最新の地球放送の解読④医療センサーの成長曲線
- 起きること：噴射の補正がミオの位置に追従していることが判明し、「第三の生存者」説が否定される（こだまの発信源は彼女の体内）。ほたる＝種の放射と確定。放送から変異株・ライン210日を確認。種の成熟は約110日後＝到達（150日後）より早い。
- 伏線の扱い：F1回収（ほたるの正体）、R1否定（第三の人物はいない）、C1回収（世界の数字が船の数字と並ぶ）。
- 章末の引き：カイが「早く着く方法は、ある。予備まで全部燃やせば」と言いかけて止まる。減速の代償だけが、まだ誰の口からも落ちない。
- まだ明かさないこと：採取の窓と代償、ミオの登録名、全燃料航路の到達日。
- 章末時点の数値：到達まで150日／成熟まで約110日／地球ライン210日。
<!-- /CARD:05 -->

<!-- CARD:06 -->
### 第6章「第七号」
- 場面（2〜4）：①父の鍵で母体管理要綱が開かれる②工程表とミオの「教育」日志の突き合わせ③名前の由来の発見④二人の衝突
- 起きること：F2の崩壊が明かされる（早熟・成熟＝母体の死・窓140〜150日）。ミオが「貨物・第七号・培養母体」と知る。教育＝飼育管理、「ミオ」は世話係の呼び名。カイが第1章で知っていて黙っていたことを告白し、二人が決裂する。
- 伏線の扱い：F2回収（前提の崩壊と数字）、F3回収（少女の真実）。
- 章末の引き：壁に並ぶ数字——到達190日目、成熟150日目。出口は見あたらない。
- まだ明かさないこと：予備タンク、双鍵の承認制、案内糸の代償。
- 章末時点の数値：到達まで149日／成熟まで109日。
<!-- /CARD:06 -->

<!-- CARD:07 -->
### 第7章「二つの鍵」
- 場面（2〜4）：①夜の根区、父の日志と隠し予備タンクの確認②双鍵コンソール前での対立と合意③手動弁の同時操作④全燃焼の開始
- 起きること：全燃料航路なら145日目到達（窓内・余裕5日）が算出される。二名同時承認の必要を知る。海の約束の死をミオが自分の口で受け入れ、カイが案内糸の焼灼を受け入れる。二人は承認し、ch4の遊びの型のまま弁を開く。1.2Gの燃焼が始まる。
- 伏線の扱い：F4回収（適合因子＝案内糸）、F5回収（日課と遊びが唯一の鍵になる）。
- 章末の引き：燃料計が两年来はじめて下がり、星が梢の中で流れ始める。引き返せない一歩。
- まだ明かさないこと：採取の成否、フライバイの光景、地球からの応え。
- 章末時点の数値：全燃焼開始（物語開始44日目）。到達予定145日目（101日後）。
<!-- /CARD:07 -->

<!-- CARD:08 -->
### 第8章「銀の川」
- 場面（2〜4）：①燃焼日々の圧（積み重なる眠り、熱くなるミオ）②141日目「ゆりかご」での採取（案内糸・銀の壺・両手の喪失・ミオの記憶の喪失）③145日目のフライバイと壺の投下④離脱後の電波と短い余韻
- 起きること：採取が成功し、壺が大気圏へ落ちる。梢いっぱいに地球が広がり、海が見える（約束は別の形で果たされる）。離脱後、鐘の音と咳の消えた声が電波に満ちる（世界の救済の確認）。地球は一つの星に縮む。カイが歌を口ずさみ、ミオがそれに重ねる。
- 伏線の扱い：F6回収（別の形での成就）、M1回収3回目（出所を忘れた歌をカイが歌い返す）、C1補強（救われたことの確認）。
- 最後の一文の方向性（本文そのものは書かない）：説明や教訓を排し、減らない船と二つの声の尊厳だけで画面を閉じる。
- 章末時点の数値：採取141日目／フライバイ145日目／余韻は通過後12日で止める。地球ライン210日目までに全滅は回避済み。
<!-- /CARD:08 -->