{
  "pass": false,
  "issues": [
    {
      "severity": "high",
      "chapter": 1,
      "detail": "LEDGERのFACT「カイは父の失踪後...」が、CANONの「2年前の塵嵐でクルー6名が死亡」と矛盾している。父は死亡しており、失踪（行方不明）ではない。",
      "fix": "「失踪」を「死亡」に修正する。"
    },
    {
      "severity": "high",
      "chapter": 5,
      "detail": "LEDGERのCLOCK「地球の生存圏の余命210日」は、物語開始から40日経過している時点での残り日数としては誤り。CANONでは全滅ラインは開始から210日後と定義されており、この時点での残りは約170日になるべき。",
      "fix": "残り日数を約170日に修正する。"
    },
    {
      "severity": "high",
      "chapter": 7,
      "detail": "LEDGERのCLOCK「航海95日目頃（全燃焼開始直後）」が、CANONの章カード「全燃焼開始（物語開始44日目）」と矛盾している。燃焼期間が約50日であることを考慮すると、LEDGERの日数（95日目開始で145日目到達）が物理的に妥当だが、CANONとの数値差異が大きい。",
      "fix": "CANONの数値を95日目に修正するか、LEDGERの解釈をCANONに合わせるために燃焼期間や到達予定日を再定義する。"
    },
    {
      "severity": "low",
      "chapter": 4,
      "detail": "CANONではF3の補強は「観測員見習い」と語ることと歌とされているが、LEDGERでは「掌の熱さ」で補強と記録されており、CANONの意図とずれている。",
      "fix": "「観測員見習い」という自己認識の描写を補強として追加するか、LEDGERのSLOT記述を修正する。"
    }
  ],
  "summary": "伏線の回収と感情のアークは完成度が高いが、LEDGERとCANONの間に致命的な数値・事実の矛盾が複数存在する。特に父の死亡/失踪、全滅ラインのカウントダウン、全燃焼開始日の食い違いは物語の信憑性を損なう。修正が必要。"
}