## CH01
SUMMARY: 九つの鐘、治安維持隊の使いの知らせを受けたギルドマスター・バルタザールが「誰でもいいから突き出せ」と怒鳴り、錆び釘亭の表と裏に閂がかかる。マスターの目で居合わせた十一人と、この街の嘘の作法が語られる。灰狼族のヴェイは依頼で館にいたと認め、酔ったダリオは灰色が赤いものを咥えて走るのを見たと言い、ギルドマスターに「言ってやれ」と命じられた白い法衣のエルノが、館の塀を越える灰色を見たと証言する。章末は、六つの鐘に館の裏庭で樽を運び、屋根の上に猫より大きい影を見る「僕」の節。
FACT: 事件の夜、錆び釘亭に居合わせたのはマスター、ルル、バルタザール、イゾルデ、エルノ、ニコ、ダリオ、アガタ、灰狼族二人、ザザの十一人。表と裏口に閂。
FACT: マスターは六つの鐘に北の氷室へ氷を買いに出て、七つ半に戻った。その間はルルが店番。戻ったとき酒場にはルルと隅のザザだけがいた。
FACT: 赤蕪漬けの鶉の卵は毎朝十二個漬けてカウンターの端の瓶に出す。一個銅貨二枚。この夜はまだ一つも売れていない。
FACT: 夜啼きの涙は鶉の卵ほどの紅玉で、人肌のように温かい（アガタが祝福の日に手に取った）。懸賞金は金貨三百枚。
FACT: 館の執事が「夕方、組合の荷運びの灰色が裏庭にいた」と届け出た。官憲（治安維持隊）は夜明けの開門前に来ると使いが告げた。
FACT: ルルは灰狼二人を見分け、首に白い毛があるほうがヴェイ、耳の欠けているほうがシグだと言う。ヴェイは「僕は館にいた。依頼で、酒樽を運んだ」と言った。
FACT: ギルドマスターの部屋は酒場の真上で、床板が薄い。
FACT: ギルドマスターは灰色の荷袋を今は開けず、官憲の目の前で開けさせると言った。
FACT: エルノは白い法衣で「神官様」と呼ばれ、袖口に焦げ、祈りの言葉が一度つかえた。ダリオの傷を癒した。アガタは自分の教会で見たことがないと言い、エルノは下町の小さな礼拝所の勤めだと答えた。
FACT: ギルドマスターの「エルノ、見たことを言ってやれ」の直後、エルノは「六つの鐘の少しあと、上町の坂で館の塀を越える灰色の亜人を見た」と証言した。どちらの灰色かは分からないと言った。
FACT: マスターは三年間、ルルが白い耳を外したところを見たことがない。
SLOT: T1=planted | 描写: ルルが首の白い毛のヴェイと耳の欠けたシグを名指しで見分ける。僕一で首の白い毛の汗とチビたち。
SLOT: T3=planted | 描写: エルノの袖口の焦げ、祈りのつかえ、アガタ「わたしの教会では、お見かけしませんが」。
SLOT: L2=planted | 描写: 嘘の作法の「長の命」の説明と、ギルドマスター「エルノ、見たことを言ってやれ」。
SLOT: B1=planted | 描写: 扉が叩かれる前にルルの白い耳が扉へ向く。灰狼を一目で見分ける。髪を耳の横に垂らす。ギルドマスター「その安っぽい付け耳」。マスターは外したところを見たことがない。
SLOT: B2=planted | 描写: ギルドマスター「何か見たか」→ルル「あら？　それ、あたしに訊くの？」と酒の話ではぐらかす。
CLUE: マスターは六つ〜七つ半に不在で、その間ルルが一人で店番（七つ半の酒場はルルとザザのみ）。
CLUE: 紅玉は鶉の卵ほどで温かい。カウンターの瓶には毎朝十二個の赤い鶉卵、今夜は一つも売れていない。
CLUE: ギルドマスターの部屋は酒場の真上で床板が薄い。
CLUE: エルノの袖口の焦げと祈りのつかえ、アガタの問い。
CLUE: ギルドマスターは荷袋を官憲の目の前で開けさせたがる。
CLUE: 僕一は六つの鐘に館の裏庭。首の白い毛、チビたち、屋根の上の猫より大きい影が天窓のあたりで消えた。
LIE: ダリオ（酒精）「灰色が口に赤いもんを咥えて走ってきた」
LIE: ダリオ（酒精）「俺は素面だ」
LIE: エルノ（長の命）「館の塀を越える灰色の亜人を見た」
STATE_MASTER: 嘘の作法を頭に置き、エルノの証言が長の命の直後だったこと、ダリオの言葉が酒精の外であることを帳面に記した。ギルドマスターの「官憲の前で開けさせる」を訝しむ。
STATE_BUNNY: カウンターの端で耳を立て、ギルドマスターの問いを問いではぐらかし、灰狼二人を名指しで見分けた。瓶の卵を眺めている。
SURFACE: 館にいた灰色（ヴェイ）が盗んだ。嘘をつかないはずの白い法衣が塀を越えるのを見た。酔ったダリオも赤いものを見たと言う。
CLOCK: 九つ半過ぎ。夜明けの開門（朝六つ）まで約八刻半。治安維持隊は開門前に来る予定。
OPEN: 館の屋根の影は誰か。
OPEN: 白い法衣のエルノは本当に嘘をつかない者か。
OPEN: ギルドマスターはなぜ荷袋を官憲の前で開けさせたいのか。
LAST: 人間は、灰色の言うことを聞かない。それもいつものことだ。
