## CH02
SUMMARY: 十の鐘前後、マスターは黒板に名前・居場所・嘘の条件の表を作り、一人ずつ話を聞く。酔ったダリオは六つ半に首に白い毛の灰色が上町から戻ったのを見たと言い、赤いものを咥えていたと言い直す。エルノは上町の病人の家へ向かう途中だったと言い、アガタに灯への誓いを求められて拒む。ニコは六つから八つまで黒猫の尾にいたと言うが、黒猫の尾は七つまで開かず、今夜は珍しく金貨で払った。イゾルデは叔父の命で「叔父は六つから七つ半まで二階で一緒だった」と言う。アガタは六つ半に裏路地で菫の香りの小柄な若い男とすれ違った。ザザは「私の箒は今夜、二度動かされた」と言い笑われる。掲示板にギルドマスター自筆の「灰狼一名」の依頼票。灰壁の掟。ギルドマスターは灰狼に問うことを禁じる。「僕」の節では、樽の音のしない酒場で、階段下の帳簿箱から温かい石の袋を出し、白い布を巻いた手首の「彼女」に渡す。十半、ルルが治安維持隊の足音に気づく。
FACT: マスターはカウンターの後ろの黒板に、名前・六つから八つの居場所・嘘の条件の表を書いた。
FACT: ダリオは五つから八つまで表の長椅子で飲んでいた。六つ半に首に白い毛のある灰色が上町の方から走ってきたと言った。
FACT: 黒猫の尾の親父は夕べの祈りを欠かさず、店の戸を開けるのは毎晩七つの鐘。
FACT: ニコは今夜八つに戻り、勘定を金貨で払った（マスターが知るかぎり二度目）。今夜はまだ酒に口をつけていない。薄い革の手袋を外さない。
FACT: アガタは六つに大聖堂の夕べの祈り、六つ半から組合の裏の路地で物乞いの子にパンを配り、八つに施療に来た。六つ半ごろ路地で小柄で足音のしない若い男とすれ違い、菫の香りがした。顔は見ていない。男は路地の奥へ曲がった。
FACT: 掲示板の依頼票『ロズモンド館　酒樽運び　夕方六つ　灰狼一名　報酬銀貨三枚　グラウヴァル冒険者組合長　バルタザール・グロック』はギルドマスター本人の字。ギルドマスターは館の執事から頼まれたと言う。
FACT: 灰壁の掟：貴人の館で起きた罪に関わった亜人は、罪の有無にかかわらず夜明けの開門とともに城外へ追放される。
FACT: エルノはアガタに灯に誓うよう求められ、「誓いは軽々しく立てるものではありません」と断った。葡萄酒に口をつけなかった。
FACT: ギルドマスターは、隊が来るまで灰狼に問うことを禁じた。
FACT: 十半、ルルが鉄を打った靴の十人以上の足音が上町の坂を下りてくるのを聞き、少しあとでマスターにも聞こえた。ギルドマスターはニコを表の閂に、イゾルデをエルノのそばにつけた。
SLOT: T1=reinforced | 描写: 僕二で欠けた左耳に隙間風、欠けた耳のほうがよく聞こえる。
SLOT: T2=planted | 描写: 僕二の酒場には彼女と隅で箒を抱えた年寄りだけ、樽を転がす音がしない、窓の西にまだ赤、鐘が鳴っていた。十の鐘の場面のあとに置かれている。
SLOT: L1=planted | 描写: ニコ「六つから八つまで黒猫の尾」、黒猫の尾は七つまで戸を開けない、金貨払い、アガタの菫の香りの男、「誰が俺に金なんかくれるんだよ」の問い返し。
SLOT: J1=planted | 描写: 僕二で階段下の帳簿箱から花を煮詰めたような匂いの袋に入った温かい石を出し、白い布を巻いた手首の彼女に渡す。
SLOT: E1=planted | 描写: ギルドマスター「館にいた狼を突き出せば、それで済む」と、マスターによる灰壁の掟の説明。
SLOT: Z1=planted | 描写: ザザ「私の箒は今夜、二度動かされた」、ダリオたちが笑い、マスターだけが黒板の隅に書く。
CLUE: 黒猫の尾は七つまで開かない（ニコの「六つから黒猫の尾」と矛盾）。ニコの金貨払い、手袋、酒に口をつけない。
CLUE: 六つ半、組合の裏の路地に菫の香りの小柄で足音のしない男。
CLUE: 依頼票はギルドマスター本人の筆で「灰狼一名」指定。
CLUE: ザザの箒が二度動かされた。
CLUE: 僕二：樽の音がしない（マスター不在）、西に赤（夕方）、彼女と隅の年寄りだけ、太い指の形に拭われた帳簿箱、「彼女が言ったとおり」、花を煮詰めた匂いの温かい石、白い布を巻いた手首の彼女、彼女は何も訊かない。干し草と夜の月の匂い。
CLUE: ルルは誰よりも早く遠くの足音を聞く。
LIE: ダリオ（酒精）「俺は素面だ」「赤いもんを咥えてた」
LIE: ニコ（代価）「六つから八つまで黒猫の尾で札をやってた」
LIE: イゾルデ（長の命）「六つの鐘から七つ半まで、叔父は二階で私と帳簿をつけていた。部屋から一歩も出ていない」
LIE: ギルドマスター（縛られない）「俺は夕方ずっと二階にいた」
LIE: エルノ（長の命・塀の証言に付随）「下町の宿から上町の病人の家へ祈りに向かう途中」「夕べの祈りの鐘が鳴り終わってすぐ」
STATE_MASTER: 黒板の表でニコに点、エルノの条件欄に横線。ニコの黒猫の尾の刻の矛盾と金貨に気づいている。ギルドマスター自筆の依頼票と、ザザの箒の言葉を気にしている。
STATE_BUNNY: 灰狼に水を運び、ギルドマスターの「盗人」に問いで返す。十半に誰より先に治安維持隊の足音を聞き、耳で追っている。
SURFACE: 館にいた灰色が紅玉を盗み、階段下に隠し、それを取り出して白い手首の女に預けた（共犯の女がいる）。ただしニコの話には穴があり、エルノは誓いを拒んだ。
CLOCK: 十半過ぎ。治安維持隊が予定より早く近づいている。夜明けの開門まで約七刻半。
OPEN: 白い布を巻いた手首の「彼女」は誰か。
OPEN: 六つ半の菫の香りの男は誰か。
OPEN: ザザの箒を二度動かしたのは誰か。
LAST: 石畳を踏む、揃っていない、重い靴音。一つや二つではなかった。
