# 第2章　嘘の作法

十の鐘が鳴るころには、酒場の空気は煮詰めすぎた豆のスープみたいになっていた。

誰も帰れない。誰も寝られない。ギルドマスターは階段の三段目に腰を下ろして、そこから酒場全体を見張っている。見張るというより、見下ろしている。灰狼の二人は裏口の床に並んで座り、ときどき耳だけを動かした。ザザは相変わらず階段下の暗がりで、箒を抱いて壁になっている。

「マスター」とギルドマスターが言った。「お前、昔は斥候だったな。夜明けまで暇だ。一人ずつ話を聞け。灰色が盗んだって筋を、きれいに固めとけ」

「固まるかどうかは、話を聞いてからですね」

「固めろと言ってるんだ」

俺は返事をしないで、カウンターの後ろの黒板を拭いた。いつもは今日の酒と値段を書いておく板だ。白墨で線を引いて、欄を作った。名前。夕方六つから八つまでの居場所。嘘をつける条件。

酒場の何人かが、酒を飲むふりをして黒板を覗き込んだ。見られて困るものは書かない。見られて困らないものしか、黒板には書かない。これも斥候の癖だ。

「一人ずつ、ここへ」と俺は言った。「一杯おごります。今夜の勘定は組合持ちだそうですから」

ギルドマスターが何か言いかけて、やめた。

＊

最初に来たのはダリオだった。来たというより、カウンターに倒れかかってきた。

「俺は素面だ」

「知ってます」と俺は言った。「七杯目は薄めておきます」

「薄めるな」

「夕方は、どこに」

「表の長椅子だ。五つから八つまで。風に当たりながら飲むのがいいんだ。灰色が上町のほうから走ってきたのは本当だぞ。首んとこに白い毛がふさふさしてやがった」

「そのとき、何か咥えていましたか」

ダリオは片目をつぶって、天井を見た。

「咥えてた。赤いもんを。……咥えてた気がする。いや、咥えてた」

「いつごろです」

「半の鐘が鳴ったあとだ。六つ半」

俺は黒板に書いた。ダリオ。表の長椅子。条件、酒精。それから、六つ半、灰色が上町から戻る、と別の欄に書いた。赤いものの話は書かなかった。

ダリオは薄めた麦酒を一口飲んで、顔をしかめた。

「薄いじゃねえか」

「七杯目ですから」

「俺は素面だって言ってるだろ」

酔っ払いの言葉にも、真実は混じる。混じっているから、たちが悪い。灰色が上町から走ってきた。首に白い毛があった。これはたぶん本当だ。赤いものを咥えていた。これは、この男が一度つかえてから言い直した。どちらにしても、酒精の言葉は誓約の外にある。信じていいとも、いけないとも、決められない。

＊

次にニコが来た。カウンターの椅子に、猫みたいに音もなく乗った。

「俺は関係ないぜ」

「まだ何も訊いてませんよ」

「訊かれる前に言っとくのが礼儀ってもんだ」ニコは笑った。「夕方は六つから八つまで、黒猫の尾で札をやってた。負けた。三枚すった。八つにここへ戻った。以上」

黒猫の尾は、下町の賭場だ。そこの親父は信心深くて、大聖堂の夕べの祈りを一度も欠かしたことがない。祈りから戻って店の戸を開けるのは、毎晩七つの鐘だ。七つより前に行っても、戸の前で野良猫と札をやるしかない。

俺はそれを口には出さずに、黒板に書いた。ニコ。黒猫の尾。六つから八つ、と本人は言う。

「八つに戻ってきて、何を飲みました」

「いつもの蒸留酒」

「勘定は」

「払ったよ」ニコは肩をすくめた。「金貨で。釣りがめんどくさかったろ、悪かったな」

悪くはない。ただ珍しい。ニコが金貨でこの店の勘定を払ったのは、俺が知るかぎり二度目だ。一度目は去年の夏、商隊の護衛で大当たりを引いたときだった。今夜は、札で三枚すったばかりの男が、金貨で払った。

「条件は」と俺は訊いた。

「条件？」

「今夜、酒は」

「一滴も。まだ蒸留酒に口をつけてねえ。ほら」ニコは卓の上のグラスを指で弾いた。中身は減っていなかった。

「金は」

「金？」ニコは笑った。「誰が俺に金なんかくれるんだよ」

問いで返した。問いで返すのは亜人の作法だ。人間がやると、ただの返事の先延ばしになる。俺は黒板のニコの欄に、条件、なし、と書いて、その横に小さな点を一つ打った。点の意味は、俺にしか分からない。

＊

イゾルデは呼ばれる前から、叔父の横で帳面を抱えて身を固くしていた。

「イゾルデ」とギルドマスターが言った。「お前も言ってやれ。夕方の俺のことをな」

また、長の命だ。

イゾルデはカウンターの前まで来ると、帳面を胸に押しつけたまま言った。

「六つの鐘から七つ半まで、叔父は二階で、私と帳簿をつけていました。ずっと一緒でした。叔父は部屋から一歩も出ていません」

「ずっと、ですか」

「ずっとです」

イゾルデの目は俺を見ていなかった。黒板の、何も書いていない隅を見ていた。

「俺は夕方ずっと二階にいた」ギルドマスターが階段の上から付け足した。「帳簿の締めだ。組合ってのは、帳簿で回ってるんだよ」

ギルドマスターは誓約の主で、誓約に縛られない。イゾルデは誓約に縛られるが、いまは長の命がある。つまり、この二つの言葉は、黒板の上では二つとも宙に浮く。

俺は黒板に書いた。イゾルデ。二階の書庫。条件、長の命。ギルドマスター、二階、と本人は言う。条件、なし。縛られない。

＊

アガタは自分から来た。修道女は呼ばれるのを待たない。

「わたしは六つの鐘に大聖堂で夕べの祈りに出て、六つ半に祈りが済んでから、裏の路地で物乞いの子たちにパンを配っていました。この組合の裏手の路地です。それから八つに、ここへ施療に参りました」

「路地で、誰かを見ましたか」

アガタは手袋の指を組んだ。

「若い男の方と、すれ違いました。暗くて、顔は見ていません。小柄で、足音のしない方でした。路地の奥へ曲がっていかれました。すれ違ったとき、菫の香りがしました。男の方にしては、珍しい香りだと思いました」

「菫」

「はい。花屋の前を通ったのかもしれません。わたしには分かりません」

分からないことを分からないと言うのが、嘘をつかない者の強みだ。そして弱みでもある。アガタの話は、顔のない男と、路地の奥と、菫の香りで終わった。

俺は黒板に書いた。アガタ。大聖堂、のち裏の路地。条件、なし。嘘をつかない。六つ半、裏の路地で小柄な男、菫。

ニコは窓際の卓で、手袋をはめたまま蒸留酒のグラスを回していた。グラスの中身は、まだ減っていなかった。

＊

「なあ、マスター」

階段下の暗がりから、ザザの声がした。蜥蜴人の声は、乾いた落ち葉をこすり合わせたみたいに低い。酒場の何人かが、はじめてザザがそこにいたことに気づいたような顔をした。

「私の箒は今夜、二度動かされた」

一拍おいて、ダリオが噴き出した。

「箒が！　二度！　そいつは大事件だ、隊長さんに届けなきゃな」

笑いが酒場に広がった。ニコも笑った。ギルドマスターは笑わなかったが、「トカゲの寝言だ」と言って手を振った。ザザはそれ以上何も言わず、箒を抱き直して、また壁になった。

俺は笑わなかった。黒板の隅に、ザザ、箒、二度、と小さく書いた。嘘をつけない者は、見たとおりのことしか言わない。見たとおりのことを言っている者の言葉が、この街ではいちばん聞き流される。

笑いが引いたところで、俺は掲示板のほうへ歩いた。依頼票がびっしり貼ってある板だ。討伐、護衛、荷運び、どぶさらい。その中に、今日の日付の一枚があった。

『ロズモンド館　酒樽運び　夕方六つ　灰狼一名　報酬銀貨三枚　グラウヴァル冒険者組合長　バルタザール・グロック』

ギルドマスターの署名は、太くて右上がりだ。依頼票はたいてい受付の書記が書くが、これは本人の字だった。灰狼一名、と種族まで指定してある。

「この依頼、ギルドマスターが出したんですね」と俺は言った。

「館の執事から頼まれたんだよ」ギルドマスターは階段の上で言った。「力のある荷運びを一人よこせってな。灰色は力がある。だから灰色だ。それだけの話だ」

「それだけの話ですね」

「そうだ。それだけだ。で、館にいた狼を突き出せば、それで済む。この街の掟は、お前も知ってるだろう」

知っている。この街の人間なら誰でも知っている。

灰壁の掟。貴人の館で起きた罪に関わった亜人は、罪があろうとなかろうと、夜明けの開門とともに城外へ追放される。城壁の外は、魔物と野盗と冬の荒れ野だ。追放された亜人が次の春を見ることは、あまりない。掟ができたのは百年前だそうだ。百年、誰も直そうとしなかった。

裏口の床で、首に白い毛のある灰狼が、目を閉じた。隣の耳の欠けた灰狼は、目を開けたまま、じっと床の木目を見ていた。

俺は、二人に訊こうとした。盗んだか、と。嘘をつけない連中だ。一言で済む。

「訊くな」とギルドマスターが言った。「隊が来てから、隊の前で訊け。お前が訊いて、灰色が何か言って、それを誰が帳面に書く？　亜人の『いいえ』は、この街じゃ一文にもならねえ」

訊けば済むことを、この街は訊かない。俺は黒板の前に戻って、白墨を置いた。

＊

僕は階段の下に入った。

欠けた左耳に、裏口の隙間風が当たった。耳の欠けたところは、いつも風を先に拾う。

酒場で起きているのは、彼女と、隅で箒を抱えたまま動かない年寄りだけだった。いつもなら、この刻はカウンターの奥で樽を転がす音がする。今日はしなかった。窓の西のほうに、まだ赤が少しだけ残っていた。大聖堂の鐘が鳴っていた。

階段の下は、箒と古い紙の匂いがした。年寄りの箒が何本も立てかけてあって、その奥に、埃をかぶった木の箱が積んであった。帳簿の箱だ。いちばん上の箱だけ、埃が指の形に拭われていた。

箒をどけた。一本、二本。箱の蓋を開けた。古い帳面の上に、柔らかい布の小さな袋が載っていた。

袋から、花を煮詰めたような甘い匂いがした。

袋ごと掴むと、中の固いものが、僕の掌に収まった。温かかった。石のくせに、生きものみたいに温かかった。

僕は箒を元に戻した。一本、二本。年寄りは何も言わなかった。見ていたのかもしれない。年寄りは、訊かれたことしか言わない。

カウンターへ行った。彼女は、白い布を巻いた手首を、黙って差し出した。僕は袋を、その手に載せた。

彼女は何も訊かなかった。どこから持ってきたのかも、なぜ持ってきたのかも。僕も、それをどこへやるのかは訊かなかった。

彼女の匂いは、干し草と、夜の月みたいな匂いだった。僕はそれを一度だけ吸い込んで、裏口から中庭へ出た。

＊

十の鐘から半刻たったころだった。

カウンターの端で、ルルが顔を上げた。白い耳が二本そろって、表の扉のほうへ向いた。九つの鐘の前と、同じ向きだった。

「来るわ」とルルは言った。

「何がです」と俺は訊いた。

「たくさん。靴の底に鉄を打ってる人たち。十人より多いわ。上町の坂を下りてきてる」

俺には何も聞こえなかった。酒場の誰にも聞こえなかった。ギルドマスターが階段の上で腰を浮かせた。

「官憲は夜明けだと言ったぞ」

「あら？　じゃあ、あの足音は誰？」

誰も答えなかった。暖炉の薪が崩れて、火の粉が上がった。

三つ数えるほどして、俺にもそれが聞こえた。石畳を踏む、揃っていない、重い靴音。一つや二つではなかった。
