## CH05
SUMMARY: 夜半過ぎ、治安維持隊が建物と全員を検める。厩の荷袋からは干し肉、砥石、耳の噛まれた木彫りの狼二つ、銀貨三枚、薬草、白い布切れが出るが、紅玉は出ない。女隊員がルルの耳を検めようとし、ルルは触らせずに覗かせる。カウンターの下からマスターの細い短剣が出て、マスターは果物を剥くのに使うと答える。トマスが卵の瓶に手を伸ばし、ルルに「一個、銅貨二枚よ？」と止められる（ルルはマスターとトマスの階段での小声を聞いていた）。マスターがザザに問い、ザザは六つ半に長の靴が温かいものを持って箒の部屋に入り持たずに出たこと、七つに灰色の手が温かいものを持ち出したこと（手しか見ていない）を語る。イゾルデは命のない場で、叔父は半の鐘の少し前に裏口のほうへ下り、七つ前に戻ったと認める。ギルドマスターは「石を最後に持ってったのは灰色だ」と叫び、隊長も灰色二匹を同じことと見る。ヴェイは七つに井戸にいたと言う。マスターは黒板に刻の表を書き、瓶がぬるく卵が十三個あることに気づくが黙る。北門から北街道へ追放と聞き、北街道は昔の庭だと語る。三つの鐘、「さて」。
FACT: 厩の荷袋から紅玉は出なかった。耳の噛まれた木彫りの狼二つは首に白い毛の灰色が拾い、白い布の切れ端は耳の欠けた灰色が懐にしまった。
FACT: 全員が検められ、紅玉は誰からも出なかった。ルルは耳に触らせず、女隊員に覗かせた。ザザは検められなかった。
FACT: マスターのカウンターの下に、黒革の鞘の細い短剣がある。マスターは果物を剥くのに使うと言い、斥候のころから同じ砥石で研いでいる。
FACT: トマスが「高い」と言ったのは階段の途中でマスターと二人きりのときだったが、ルルは「言ったわね」と答えた。
FACT: 蜥蜴人の目には温かいものが明るく見える。ザザは六つ半（六つと半分の鐘）に長の靴が温かいものを持って箒の部屋に入り、箱の蓋を鳴らし、持たずに出たのを見た。七つの鐘に灰色の手が箒をどけ、箱から温かいものを持って出たのを見た。どちらの灰色かは手しか見ていないので分からない。いまの部屋は温かいものが多すぎて小さいものは見えない。
FACT: イゾルデは長の命のない場で、ギルドマスターは半の鐘の少し前に裏口のほうへ下り、七つの前に戻ったと認めた。
FACT: 首に白い毛の灰色は「僕は、七つには井戸にいた。石は、持ち出していない」と言った。隊長は耳の欠けた灰色には何も訊かなかった。
FACT: カウンターの端の瓶はほんの少しぬるく、卵が十三個あった。底の一つは少し小さく重たそうに沈んでいた。マスターは黙って蓋を閉めた。
FACT: 追放は北門から北街道へ。三つ目の一里塚を過ぎると冬は隊商も通らず、道の両側は赤い棘草の荒れ野。北街道はマスターが斥候だったころ何十回も歩いた道。
FACT: 三つの鐘。開門まで三刻。
SLOT: T2=reinforced | 描写: ザザ「鐘が七つ鳴ったとき、灰色の手」、首に白い毛の灰色は七つに井戸、マスターの刻の表（七つ半に戻る、酒場にルルとザザ）。
SLOT: J1=reinforced | 描写: トマスが卵の瓶に手を伸ばしルルが止める。瓶がぬるく、卵が十三個。マスターは黙って蓋を閉める。
SLOT: B1=reinforced | 描写: 女隊員の検めでルルが耳に触らせない（「敏感なの」）。階段の途中の小声を聞いていた。
SLOT: Z1=reinforced | 描写: ザザが一度目＝六つ半・長の靴、二度目＝七つ・灰色の手と、温かいものが見える目で字義どおりに語る。
SLOT: K1=planted | 描写: カウンターの下の細い短剣と「果物を剥くのに」、瓶の十三個に気づきながら黙る、金貨三百枚を頭の中で数える、北街道は昔の庭で三つ目の一里塚から先は誰も通らない。
CLUE: ザザの二度：六つ半の長の靴（温かいものを置いた）と七つの灰色の手（温かいものを持ち出した）。
CLUE: イゾルデの打ち明け：ギルドマスターは六つ半ごろ裏口のほうへ下りていた。
CLUE: ヴェイは七つに井戸（嘘をつけない）→七つの灰色の手は耳の欠けた灰色。
CLUE: 瓶がぬるく、卵が十三個（毎朝十二個・一つも売れていない）。紅玉は鶉の卵ほどで温かい。
CLUE: ルルは遠くの小声まで聞こえ、耳に触らせない。
CLUE: マスターの短剣、北街道、金貨三百枚の勘定。
LIE: ギルドマスター（縛られない）「俺は階段下なんぞ行っちゃいない。夕方は、ずっと二階にいた」
STATE_MASTER: ザザとイゾルデとヴェイの言葉、刻の表、瓶の十三個から、真相と紅玉の在りかを把握。誰にも言わない。金貨三百枚を一度だけ数えた。
STATE_BUNNY: 検めを問いとはぐらかしで切り抜け、トマスを瓶から遠ざける。瓶を見ない。耳だけマスターに向けている。
SURFACE: ギルドマスターの企みは崩れたが、紅玉を最後に持ち出したのは灰色の手。館にいたのも灰色。盤面は灰色に戻った。
CLOCK: 三つの鐘。開門（朝六つ）まで三刻。石が出なければ灰色一匹が北門から追放。
OPEN: 七つに石を持ち出した灰色の手は、どちらの灰色か。
OPEN: 石はいまどこにあるのか。
OPEN: マスターは何を並べ直すのか。
LAST: 「さて」と俺は言った。
