## CH07
SUMMARY: 朝六つ、耳の欠けた灰色は北門から追放され、振り返らずに北街道を歩き、三つ目の一里塚の先の棘草で彼女を待つつもりでいる。錆び釘亭ではアガタが去り、首に白い毛の灰色（ヴェイ）が「あいつは館には行っていない」「知っていて、止めなかった」と言って谷へ帰る。マグダ隊長は石が出たら知らせろと言い、マスターは「ええ」と答える。朝七つ、門から戻ったルルと最後の会話。ルルは瓶の底から紅玉を出してカウンターに置き、マスターは金貨四十枚の袋を渡す。ルルは口紐を蝶結びにし、カフスを片方返し、ザザに礼を言って北門へ去る。マスターは紅玉を瓶に戻す。昼、「氷を買いに出ています」の札を下げて北門へ。夕方六つ前、氷を背負わずに戻り、靴紐の赤い棘草の実を燃やし、上着の内側の短剣を拭って戻し、今朝と同じ蝶結びで同じ重さの袋を金庫へ。その夜はザザと石取りを打つ。翌朝、非番のトマスが、北街道の三つ目の一里塚の先で灰色の狼と白い耳の娘の亡骸が見つかった、喉を細い刃で一突き、財布も荷もなかった、娘の耳は本物だったと知らせる。マスター「物騒ですね」。赤い卵を一つ食べる。
FACT: 耳の欠けた灰色は朝六つに北門を出た。振り返らなかった。懐にルルのカフスと同じ白い布の切れ端。三つ目の一里塚の先の棘草で、昼は眠り夜に歩くつもりだった。
FACT: 二つ目の一里塚を過ぎると道の両側は赤い棘草の荒れ野で、実が靴紐や毛に絡みつく。
FACT: ヴェイは「あいつは、館には行っていない」「知っていて、止めなかった」とマスターに言い、谷へ帰った。
FACT: マグダ隊長は「石が出たら、知らせろ」と言い、マスターは「ええ」と答えた。扉の修理代は組合長の財産から出る。
FACT: 朝七つ過ぎ、ルルとマスターの最後の会話（BRIEFの文言どおり）。ルルは瓶の底から紅玉を取り出してカウンターに置いた。紅玉は温かかった。マスターは金貨四十枚（蓄えのおよそ半分）の袋を渡し、ルルは口紐を蝶結びにした。ルルは白いカフスを片方返し、もう片方をつけたまま北門のほうへ去った。
FACT: マスターは紅玉を瓶の中に戻した。
FACT: 同じ日の昼の鐘に、マスターは『氷を買いに出ています』の札を下げて北門へ向かった。夕方六つの鐘の少し前に氷を背負わずに戻り、靴紐の赤い棘草の実を暖炉で燃やし、上着の内側から出した短剣を布で拭って鞘に納め、カウンターの下へ戻し、布を燃やした。懐から今朝と同じ蝶結びで同じ重さの革袋を出し、ほどかずに金庫へしまった。
FACT: 翌朝、非番のトマスが、北街道の三つ目の一里塚の先の棘草の中で、灰色の狼と白い耳の娘の亡骸が並んで見つかった、二人とも喉を細い刃で一突き、財布も荷もなかった、娘の耳は本物で兎人だった、と知らせた。
SLOT: B2=recovered | 描写: 最後の会話で「あら？　なんのこと？」と答えず、瓶から紅玉を出し、ザザに礼を言う。助手が紅玉を隠した犯人グループの一人だったことが確定する。
SLOT: J1=recovered | 描写: ルルが「卵が一つ多いわ」と瓶の底から紅玉を出してマスターに渡し、マスターが瓶に戻す。
SLOT: K1=recovered | 描写: 昼の外出と氷のない帰還、棘草の実、短剣を拭う、今朝と同じ蝶結びの袋、翌朝の亡骸の知らせと「物騒ですね」。紅玉も金貨もすべてマスターの手元に戻る。
CLUE: 棘草の実は二つ目の一里塚から先の荒れ野に生える。亡骸は三つ目の一里塚の先の棘草の中。
CLUE: マスターの短剣は細く、亡骸の傷は細い刃の一突き。
CLUE: 蝶結びの袋は、今朝ルルが結んだ形と重さのまま金庫に戻った。
LIE: マスター（縛られない）「ええ」（石が出たら知らせる）
STATE_MASTER: 紅玉を瓶に、金貨の袋を金庫に置き、朝の酒場で赤い卵を食べる。何も語らない。
STATE_BUNNY: 最後の会話のあと、金貨の袋とカフス片方を持って北門へ向かった。翌朝、北街道で亡骸で見つかった。
SURFACE: いったんメリーバッドエンドで閉じたあと、二人の死とすべてがマスターの手元に戻ったことで反転する。
CLOCK: 翌朝。紅玉と金貨はマスターの店にある。
OPEN: マスターは紅玉を夫人に届けて懸賞金を受け取るのか。
LAST: 悪くない朝だ。
