# CANON

> グラウヴァル・シリーズ 系統B（城壁の外）の設定書。確定後はロックされる。

## 0. タイトルと要旨
- タイトル：北街道の白い耳
- 要旨：師走、北街道で隊商が一つ消えた。北の寒村で立ち往生している伝令を迎えにいくため、冬の荒れ野を抜けようとする一行に、護衛と捜索を請け負った冒険者たちは雪と棘草の荒れ野で野盗と出会い、一里塚の下の古い地下道で消えた隊商の行方を知る。魔物との戦いののち街へ帰り着くが、「白い耳の娘」の噂だけは雪の中に残る。

## 1. 舞台
### 1-1. 街・暦・鐘・城門・通貨と物価
- 灰壁暦三一二年 師走。大聖堂の鐘が一刻ごとに打つ。城門は夕六つに閉まり、朝六つに開く。夜は誰も出入りできない。
- 通貨：金貨一枚＝銀貨二十枚＝銅貨四百枚。麦酒一杯銅貨五枚、煮込み一皿銅貨十枚、赤蕪漬けの鶉卵一個銅貨二枚。
- 舞台は下町の錆び釘亭・冒険者組合・北門と、城壁の外の北街道。

### 1-2. 嘘の作法・術・亜人の感覚
- 亜人と聖職者は嘘をつけない。組合の建物の中では冒険者も仲間に嘘をつかないが、**城壁の外では普通に嘘をつける**。この差を旅の会話に使う。
- 術：魔法使いは火・雷・氷の攻めの術のみ。癒しは使えない。強さは一人を倒せる程度まで。
- 鴉人：遠目と高さ。蜥蜴人：熱が見える。土竜人：土の震え。

### 1-3. 北街道と荒れ野
- 北門から一里ごとに一里塚。二つ目を過ぎると道の両側は赤い棘草の荒れ野。実が靴紐や毛に絡む。三つ目から先は冬のあいだ隊商不通。
- 荒れ野は雪と枯れた棘草に覆われ、隠れる場所は多い。野盗と魔物が出る。

### 1-4. これまでの状態
- エーリカ・ランゲが組合長。マスターは錆び釘亭の酒場番。ダリオは組合に残る。
- 晩秋の事件の公の記録は「北街道の三つ目の一里塚の先で野盗の仕業とみられる死傷」という噂話にとどまる。本作では名前で特定しない。

## 2. 冒険の仕組み
- **依頼**：北の寒村カルトブルンで、王都からの伝令アルドリック（人間・男・三十代）が雪で立ち往生している。彼が持つ「北領の年貢の勘定帳」は、春の監査までに王都へ戻さねばならない。商人ベルント（人間・五十代）が、この迎えを依頼する。報酬は**総額金貨五十枚**（前払い金貨十枚、成功報酬金貨四十枚）。あわせて「道中で消えた隊商の手がかりを見つけてくれれば余分に払う」と言う。
- **街の利害**：年貢の勘定帳は街の予算にも関わるため、治安維持隊から隊員フィン（人間・男・二十代）が一人、一行に加わる。彼は組合の外の人間なので、城壁の内でも外でも嘘をつける。
- **隠し事**：ベルントの息子ヨーストが、二週間前に消えた隊商（アルドリックを迎えに出た最初の一行）の護衛だった。ベルントは「届け物」を口実に護衛を雇い、道中で痕跡を探させようとした。本人は嘘をつける（人間・街の者）。
- **消えた隊商**：ヨーストたちの隊商は三つ目の一里塚の先で野盗に襲われ、荷を奪われた。人々は一里塚の下の古い地下牢（七十年前、街道の宿屋が焼けたときの地下貯蔵室）に逃げ込み、雪で入口が塞がって閉じ込められている。生者五名、うち一名は足を痛めている。死者なし（凍死寸前）。
- **野盗**：頭目ゴルム（人間・四十代・片目）以下八人。冬のあいだ荒れ野の廃屋で寝起きし、通りがかりの荷を奪って生きている。魔物を恐れて深追いしない。
- **魔物**：**雪潜（ゆきだまり）**。白い毛皮、長い胴、短い多足の獣。振動と音で獲物を探る。視力は弱い。火と熱に弱い。地下牢の獲物を狙って塚の周りを徘徊している。
- **地下道**：一里塚の土盛りの下にある石積みの貯蔵室。入口は塚の裏の枯れ木の根元。内部は狭く、通気孔が一つ。

## 3. 旅程表
- **一日目（師走十五日）**：晴れ。朝六つ開門とともに出発。錆び釘亭でマスターが黒パンと干し肉を出す。北門の番はトマス。二里目まで進み、荒れ野に入って野営。
- **二日目（十六日）**：薄曇り。三里目の塚を越える。雪が深くなる。鴉人のケスが遠目で何かを見る。野営。
- **三日目（十七日）**：小雪。棘草の実の跡を見つける。轍と捨て荷を発見。夜、吹雪。
- **四日目（十八日）**：吹雪。雪で動けず（雪の夜）。吹雪は夜通し続き、十九日の朝までやまない。
- **五日目（十九日）**：朝、雪がやみ（薄曇り）、煙を見る。野盗の見張りに見つかる。頭目ゴルムと対面。地下道の入口を教わる。夕方、地下道へ。
- **六日目（二十日）**：晴れ。地下道の奥で隊商の生存を確認。出口に雪潜が現れ、戦う。負傷者を担ぎ、帰路につく（三里戻って野営）。
- **七日目（二十一日）**：晴れ。朝六つの開門とともに北門へ帰り着く。錆び釘亭で一杯。

## 4. 人物
### 一行（五人）
- **ダリオ**（人間・男・三十代）：剣士。大男、酒好き、情に厚い。髭の端が縮れている。既存。
- **リナ**（人間・女・十六）：魔法使い・新人。麦藁色の髪、父親のお下がりの杖。癖：緊張すると杖を握りしめる。嘘をつける。金に目がない。
- **フィン**（人間・男・二十代）：治安維持隊の隊員。灰色の外套、真面目だが若い。街の予算（年貢の勘定帳）のために送り出される。組合の外の人間なので、内でも外でも嘘をつける。
- **ケス**（鴉人・男・年齢不詳）：**組合の外の雇われ**（斥候役）。黒い羽、鋭い目。遠目と高さで世界を見る。嘘をつけない。癖：高い木や岩に登りたがる。
- **ガズ**（蜥蜴人・男・三十）：**組合の外から雇った衛士**（雑役ではない。組合の登録簿に載らない）。灰色の鱗、太い尻尾。熱が見える。嘘をつけない。癖：日向で動かなくなる。人を靴と手で覚える。

### 依頼主と隊商
- **ベルント**（人間・男・五十代）：商人。依頼主。隠し事をする（嘘をつける）。癖：話す前に荷台の紐を触る。
- **ヨースト**（人間・男・二十代）：消えた隊商の護衛。ベルントの息子。地下牢で足を痛めている。
- **アルドリック**（人間・男・三十代）：王都の伝令。北領の年貢の勘定帳を持つ。カルトブルンで足止めされている。

### 野盗
- **ゴルム**（人間・四十代）：頭目。片目、古い傷。嘘をつける。廃屋で冬を越す。
- **手下**（人間・七名）：元鉱夫や脱走兵。名前は出さない。

### 街の人物
- **マスター**（人間・五十代）：錆び釘亭の酒場番。台詞は丁寧。過去に触れない。
- **エーリカ・ランゲ**（人間・女・四十代半ば）：組合長。依頼書に署名するだけ。
- **トマス**（人間・若い隊員）：北門の番。卵が好き。

### 呼び方の規則
- ダリオ→「ダリオの親父」「あんちゃん」。リナ→「リナ」。フィン→「隊の若いの」「フィン」。ケス→「ケス」。ガズ→「ガズ」。ベルント→「依頼主」「ベルント殿」。ゴルム→「片目の」。

## 5. 小道具と数値
- 報酬：**総額金貨五十枚**（前払い金貨十枚、成功報酬金貨四十枚）。捜索の追加報酬：銀貨十枚。
- 荷：鍛冶道具一式、鉄材、塩袋四つ。隊商の馬二頭。
- リナの術：火の玉は一日三回まで、氷は二回まで。威力は一人を倒せる程度。
- 魔物・雪潜：体は**馬二頭ぶんの長さ**。足跡は熊に似るが六本の指。熱に弱い。

## 6. シリーズの長い糸
- **S6（白い耳の娘の噂）**：本作の入口と出口。Ch1で下町の噂として置き、Ch5・Ch9・Ch15で三度だけ気配を見せる。正体は決めない。S5・S8は動かさない。

## 7. 伏線スロット
- **W1**: 下町の噂。Ch1で酒場の客が「三つ目の先に白い耳の娘の幽霊が出る」と語る。Ch5でケスだけが雪上の白い足跡に気づく。Ch9で焚き火の外の遠い声。Ch15で帰り道、雪の上に白い毛の欠片（または小さな落とし物）が残される。正体は不明のまま。
- **R1**: 赤い棘草の実。Ch3で靴紐に絡む。Ch7で「誰かが道を外れた」痕跡（実のついた枝）を見つける。Ch12で地下牢の中に実が落ちており、消えた隊商がここへ逃げ込んだと分かる。
- **C1**: 消えた隊商。Ch2で依頼書の余白に「行方不明の隊商あり」と記される。Ch8で轍と捨て荷を発見。Ch13で地下牢の中に人々が生きて閉じ込められているのが分かる。
- **N1**: リナの術。Ch4で焚き火の前で火の玉を出し損ね、焦げ臭くなる。Ch10で野盗の足元を狙って火の玉を放ち、退ける。Ch14で氷の術で雪潜の足元を凍らせ、動きを止める。
- **T1**: 頭目の台詞。Ch11でゴルムが『晩秋の北街道の二人は、俺たちの仕事じゃない』と言う。誰も気に留めず、話はすぐに別のことへ移る。

## 8. 結末
- アルドリックの救出と隊商の生存確認。魔物の撃退。帰還。ベルントの隠し事（息子の捜索）はCh13で明かされる。白い耳の娘の噂は閉じない。リナとケスはこの街に残る。

## 9. 不変条件
1. 白い耳の娘の正体を決めない。
2. 頭目の台詞『晩秋の北街道の二人は、俺たちの仕事じゃない』をそのまま使う。
3. ダリオを死なせない。
4. 世界の理を壊す力を出さない。
5. 一人を倒せる程度を超える術は使わない。
6. 城門は朝六つに開き、夕六つに閉まる。
7. 亜人と聖職者は嘘をつけない。
8. 城壁の外では組合の冒険者も嘘をつける。
9. 他の作品から借りない。
10. ゲーム用語を使わない。
11. マスターとエーリカは視点人物にしない。
12. 術は火・雷・氷のみ。
13. マスターの過去に触れない。
14. 灰色山脈・白塔・月の森には行かない。

## 10. 文体と語り
- 語り：三人称（一行に寄り添う視点）。場面ごとに視点人物を一人に限定する。
- 文は短く、乾いた比喩。雪、焚き火、凍った革紐、蹄の音で書く。
- 可笑しさは小銭の勘定、食べ物、リナの術の失敗。
- 段落は短め。会話の前後で改段。

## 11. 作者だけが知ること
- ベルントの本当の目的は息子の捜索。伝令の迎えは口実でもあるが、街の利害として本物でもある。
- ゴルムは「晩秋の二人」については何も知らない。ただの言い訳。
- 白い耳の娘の正体は、作者も決めない。三度の気配は「何かがいる」ことだけを示す。

<!-- CARD:01 -->
### 第1章「噂」
- 日と鐘：師走十四日、夕六つ過ぎ
- 場所：グラウヴァル、錆び釘亭
- 密度：2
- 場面：1. 雪の下町。2. 酒場で隊商が消えた話。3. 白い耳の娘の噂。4. ダリオの紹介。
- 伏線：W1 設置
- 長い糸：S6
- 可笑しい瞬間：ダリオのツケの話
- 意図の薄い段落：赤蕪漬けの話
- 章末の引き：噂を、笑う者と笑わない者がいる。
- まだ明かさないこと：娘の正体
<!-- /CARD:01 -->

<!-- CARD:02 -->
### 第2章「依頼」
- 日と鐘：師走十四日、七つ
- 場所：組合
- 密度：2
- 場面：1. ベルントの来訪。2. 依頼内容（伝令の迎え）と報酬（金貨五十枚）。3. 一行の顔合わせ（フィンの加入）。4. エーリカの署名。
- 伏線：C1 設置
- 長い糸：—
- 可笑しい瞬間：リナの前払いの勘定
- 意図の薄い段落：暖炉の薪
- 章末の引き：出発は翌朝六つの開門。
- まだ明かさないこと：ベルントの隠し事
<!-- /CARD:02 -->

<!-- CARD:03 -->
### 第3章「北門」
- 日と鐘：師走十五日、朝六つ〜昼
- 場所：北門〜二里目
- 密度：3
- 場面：1. マスターの黒パンと干し肉。2. 北門の番（トマス）。3. 荒れ野に入る。4. 棘草の実。
- 伏線：R1 設置
- 長い糸：—
- 可笑しい瞬間：ガズが日向で止まる
- 意図の薄い段落：馬の鳴き声
- 章末の引き：荒れ野の最初の夜が来る。
- まだ明かさないこと：—
<!-- /CARD:03 -->

<!-- CARD:04 -->
### 第4章「焚き火」
- 日と鐘：師走十五日、夜
- 場所：荒れ野
- 密度：1
- 場面：1. 野営の支度。2. 嘘の作法の話。3. リナの術の失敗。
- 伏線：N1 設置
- 長い糸：—
- 可笑しい瞬間：焦げ臭い火の玉
- 意図の薄い段落：干し肉の味
- 章末の引き：夜の荒れ野の、遠い音。
- まだ明かさないこと：—
<!-- /CARD:04 -->

<!-- CARD:05 -->
### 第5章「三つ目の一里塚」
- 日と鐘：師走十六日、昼
- 場所：三里目の先
- 密度：3
- 場面：1. 雪が深くなる。2. ケスが高い所から見る。3. 白い足跡。
- 伏線：W1 補強
- 長い糸：S6
- 可笑しい瞬間：リナが雪にはまる
- 意図の薄い段落：風の音
- 章末の引き：一行の誰かだけが、それに気づく。
- まだ明かさないこと：娘の正体
<!-- /CARD:05 -->

<!-- CARD:06 -->
### 第6章「枯れ木の下」
- 日と鐘：師走十六日、夕方
- 場所：荒れ野
- 密度：2
- 場面：1. 廃屋で休息。2. 旅の会話。3. 遠くの煙。
- 伏線：—
- 長い糸：—
- 可笑しい瞬間：ガズが火にあたりすぎる
- 意図の薄い段落：梟の声
- 章末の引き：明日は手がかりを探す。
- まだ明かさないこと：—
<!-- /CARD:06 -->

<!-- CARD:07 -->
### 第7章「棘の跡」
- 日と鐘：師走十七日、朝
- 場所：荒れ野
- 密度：3
- 場面：1. 棘草の実の跡。2. 道を外れた痕跡。3. 手がかりの確認。
- 伏線：R1 補強
- 長い糸：—
- 可笑しい瞬間：リナの杖が雪に刺さる
- 意図の薄い段落：鳥の羽
- 章末の引き：手がかりが、消えた隊商の道筋とずれている。
- まだ明かさないこと：—
<!-- /CARD:07 -->

<!-- CARD:08 -->
### 第8章「轍」
- 日と鐘：師走十七日、昼
- 場所：荒れ野
- 密度：3
- 場面：1. 轍の発見。2. 捨て荷。3. 進むか戻るかの議論。
- 伏線：C1 補強
- 長い糸：—
- 可笑しい瞬間：捨て荷の中の壊れた鍋
- 意図の薄い段落：雲の形
- 章末の引き：近くに、別の誰かの足跡がある。
- まだ明かさないこと：—
<!-- /CARD:08 -->

<!-- CARD:09 -->
### 第9章「雪の夜」
- 日と鐘：師走十八日、夜
- 場所：野営地
- 密度：1
- 場面：1. 吹雪で動けない。2. リナの身の上。3. 焚き火の外の声。
- 伏線：W1 補強
- 長い糸：S6
- 可笑しい瞬間：雪に埋もれたリナ
- 意図の薄い段落：湯の匂い
- 章末の引き：朝、雪がやんで、煙が見える。
- まだ明かさないこと：娘の正体
<!-- /CARD:09 -->

<!-- CARD:10 -->
### 第10章「野盗」
- 日と鐘：師走十九日、朝
- 場所：荒れ野
- 密度：4
- 場面：1. 煙の元へ。2. 野盗の見張り。3. リナの火の玉。4. 頭目の呼び出し。
- 伏線：N1 補強
- 長い糸：—
- 可笑しい瞬間：リナの火の玉が草を燃やす
- 意図の薄い段落：鳥の群れ
- 章末の引き：野盗の頭目に会うことになる。
- まだ明かさないこと：—
<!-- /CARD:10 -->

<!-- CARD:11 -->
### 第11章「頭目」
- 日と鐘：師走十九日、昼
- 場所：野盗のねぐら
- 密度：3
- 場面：1. ゴルムとの対面。2. 消えた隊商の情報。3. 頭目の台詞。
- 伏線：T1 設置
- 長い糸：—
- 可笑しい瞬間：ゴルムの酒の味
- 意図の薄い段落：廃屋の梁
- 章末の引き：一里塚の下に、古い地下道がある。
- まだ明かさないこと：ゴルムの内情
<!-- /CARD:11 -->

<!-- CARD:12 -->
### 第12章「一里塚の下」
- 日と鐘：師走十九日、夕方
- 場所：地下道
- 密度：4
- 場面：1. 入口を探す。2. 地下牢へ。3. 棘草の実の発見。4. 奥の物音。
- 伏線：R1 回収
- 長い糸：—
- 可笑しい瞬間：ケスが入口に頭をぶつける
- 意図の薄い段落：石の冷たさ
- 章末の引き：地下道の奥で、何かが動く。
- まだ明かさないこと：—
<!-- /CARD:12 -->

<!-- CARD:13 -->
### 第13章「地下道の奥」
- 日と鐘：師走二十日、朝
- 場所：地下道
- 密度：4
- 場面：1. 隊商の発見。2. ベルントの隠し事が明かされる。3. 出口の魔物。
- 伏線：C1 回収
- 長い糸：—
- 可笑しい瞬間：ガズが熱を見て驚く
- 意図の薄い段落：水滴の音
- 章末の引き：荒れ野の魔物が、地下道の出口に来ている。
- まだ明かさないこと：—
<!-- /CARD:13 -->

<!-- CARD:14 -->
### 第14章「荒れ野の魔物」
- 日と鐘：師走二十日、昼
- 場所：荒れ野
- 密度：5
- 場面：1. 雪潜との戦い。2. リナの氷の術。3. ダリオの剣。4. 撤退と負傷。
- 伏線：N1 回収
- 長い糸：—
- 可笑しい瞬間：リナの術が雪を溶かす
- 意図の薄い段落：血の匂い
- 章末の引き：雪の上に、戦いの跡と、一行のものではない足跡。
- まだ明かさないこと：—
<!-- /CARD:14 -->

<!-- CARD:15 -->
### 第15章「白い耳」
- 日と鐘：師走二十日、夕方
- 場所：帰り道
- 密度：2
- 場面：1. 負傷者の搬送。2. 雪の上の白い毛。3. 帰路の会話。
- 伏線：W1 回収
- 長い糸：S6
- 可笑しい瞬間：リナが転ぶ
- 意図の薄い段落：星の数
- 章末の引き：北門の灯が見える。
- まだ明かさないこと：娘の正体
<!-- /CARD:15 -->

<!-- CARD:16 -->
### 第16章「帰り着く場所」
- 日と鐘：師走二十一日、朝六つ
- 場所：北門〜錆び釘亭
- 密度：1
- 場面：1. 開門と帰還。2. マスターの一杯。3. 報酬の勘定。4. 噂の形を変えた流れ。
- 伏線：—
- 長い糸：S6
- 可笑しい瞬間：リナの小銭の勘定
- 意図の薄い段落：煮込みの湯気
- 章末の引き：静かに閉じる。
- まだ明かさないこと：—
<!-- /CARD:16 -->

## 13. 差し込み申告
- INSERT: 伝令アルドリック｜冬の越境の理由を強めるため｜正典に触れない｜Ch13で回収
- INSERT: 「北領の年貢の勘定帳」｜冬の越境の理由と街の利害の根拠として必要｜正典に触れない｜Ch13で回収
- INSERT: 治安維持隊の隊員フィン｜街の利害を一行に反映するため｜正典に触れない｜Ch16まで同行
- INSERT: 依頼先の寒村カルトブルン｜目的地として必要｜正典に触れない｜Ch2で回収
- INSERT: 地下牢の由来（七十年前の宿屋の地下貯蔵室）｜舞台を具体化するため｜正典に触れない｜Ch12で回収
- INSERT: 野盗の頭目ゴルム｜敵役として必要｜正典に触れない｜Ch11で役割終了
- INSERT: 商人ベルント｜依頼主（息子の捜索を隠す隠し事の担い手）として必要｜正典に触れない｜Ch13で隠し事を回収
- INSERT: 消えた隊商の護衛ヨースト｜消えた隊商（C1）の中心人物として必要｜正典に触れない｜Ch13で回収
- INSERT: 新人の魔法使いリナ｜新人の術（N1）の担い手として必要｜正典に触れない｜Ch16まで同行（Ch14で役割の山場）
- INSERT: 鴉人の斥候ケス｜遠目と高さの感覚（W1の目撃役）として必要｜正典に触れない｜Ch16まで同行
- INSERT: 蜥蜴人の衛士ガズ（組合の外から雇った者。雑役ではない）｜熱を見る感覚を一行に加えるため（台帳の雑役四名の記録に触れない）｜正典に触れない｜Ch16まで同行
- INSERT: 新魔物・雪潜｜山場（Ch14）の敵として必要｜正典に触れない｜Ch14で撃退
- INFLUENCE: なし