2026-09-25T14:20:05 INIT
2026-09-25T15:30:06 CALL writer design.packet.md -> design_a1.out
2026-09-25T15:40:31 CALL writer design.packet.md -> design_a1.out
2026-09-25T15:40:32   環境変数 OPENROUTER_API_KEY（または NOVEL_LLM_API_KEY）が設定されていません。
2026-09-25T15:40:32 ESCALATE CALL_FAILED: モデル呼び出し失敗 (rc=1)。stderr: 環境変数 OPENROUTER_API_KEY（または NOVEL_LLM_API_KEY）が設定されていません。

2026-09-25T15:41:00 RESOLVE CALL_FAILED []
2026-09-25T15:41:02 CALL writer design.packet.md -> design_a1.out
2026-09-25T15:50:03 RESOLVE None []
2026-09-25T15:50:05 CALL writer design.packet.md -> design_a1.out
2026-09-25T16:09:53   attempt 2: ApiError: ストリーム中にプロバイダ側でエラー（finish_reason=error）
2026-09-25T16:09:53   WARN: max_tokens に達して出力が途中で切れた可能性があります
2026-09-25T16:09:53   usage: in=6780 out=24000 reasoning_chars=49357 content_chars=10272 cost=0.03708136 sec=394 model=aion-labs/aion-3.5-mini
2026-09-25T16:09:53 DESIGN fail: ['第1章の章カードの目印（<!-- CARD:01 --> と <!-- /CARD:01 -->）がない。', '第2章の章カードの目印（<!-- CARD:02 --> と <!-- /CARD:02 -->）がない。', '第3章の章カードの目印（<!-- CARD:03 --> と <!-- /CARD:03 -->）がない。', '第4章の章カードの目印（<!-- CARD:04 --> と <!-- /CARD:04 -->）がない。', '第5章の章カードの目印（<!-- CARD:05 --> と <!-- /CARD:05 -->）がない。', '第6章の章カードの目印（<!-- CARD:06 --> と <!-- /CARD:06 -->）がない。', '第7章の章カードの目印（<!-- CARD:07 --> と <!-- /CARD:07 -->）がない。', '第8章の章カードの目印（<!-- CARD:08 --> と <!-- /CARD:08 -->）がない。', '第7節に F1 の行がない。', '第7節に F2 の行がない。', '第7節に F3 の行がない。', '第7節に F4 の行がない。', '第7節に F5 の行がない。', '第7節に F6 の行がない。', '第7節に R1 の行がない。', '第7節に C1 の行がない。', '第7節に M1 の行がない。', 'CANONが10230字で長すぎる（上限9000字）。各項目を短くする。']
2026-09-25T16:09:53 STEP CANON下書き不合格（機械検査）: 第1章の章カードの目印（<!-- CARD:01 --> と <!-- /CARD:01 -->）がない。 ほか17件 → 再設計
2026-09-25T16:13:30 CALL writer design.packet.md -> design_a2.out
2026-09-25T16:33:04 RESOLVE None []
2026-09-25T16:34:30 START detached pid=48346
2026-09-25T16:34:30 CALL writer design.packet.md -> design_a2.out
2026-09-25T17:00:14   推論が max_tokens を使い切ったため、reasoning effort を low に下げて再試行します
2026-09-25T17:00:14   attempt 2: 空の応答（finish_reason=length）
2026-09-25T17:00:14   usage: in=6799 out=25793 reasoning_chars=61572 content_chars=9236 cost=0.03960486 sec=392 model=aion-labs/aion-3.5-mini
2026-09-25T17:00:14 STEP CANON下書きを canon/CANON.md に保存 → 次は審査
2026-09-25T17:00:14 CALL reviewer canon-review.packet.md -> canon_review_a2.out
2026-09-25T17:01:57   usage: in=12165 out=5422 reasoning_chars=19437 content_chars=29 cost=0.0161063 sec=103 model=aion-labs/aion-3.5-mini
2026-09-25T17:01:57 CANON locked
2026-09-25T17:01:57 STEP CANONが審査を通過し、ロックしました → 第1章へ
2026-09-25T17:01:57 CALL writer write_ch01.packet.md -> ch01_write_a1.out
2026-09-25T17:11:13   usage: in=7446 out=29786 reasoning_chars=77161 content_chars=2413 cost=0.0469126 sec=555 model=aion-labs/aion-3.5-mini
2026-09-25T17:11:13 STEP 第1章 下書き1稿を作成（2273字）→ 次は審査
2026-09-25T17:11:13 CALL reviewer review_ch01.packet.md -> ch01_review_a1.out
2026-09-25T17:11:42   usage: in=9253 out=1589 reasoning_chars=5065 content_chars=100 cost=0.0087017 sec=29 model=aion-labs/aion-3.5-mini
2026-09-25T17:11:42 CH01 fail a1: 1 problems
2026-09-25T17:11:42 STEP 第1章 不合格（1件）→ 書き直し（2稿目）
2026-09-25T17:11:42 CALL writer write_ch01.packet.md -> ch01_write_a2.out
2026-09-25T17:13:55   usage: in=9330 out=8906 reasoning_chars=12918 content_chars=2694 cost=0.01793444 sec=133 model=aion-labs/aion-3.5-mini
2026-09-25T17:13:55 STEP 第1章 下書き2稿を作成（2552字）→ 次は審査
2026-09-25T17:13:55 CALL reviewer review_ch01.packet.md -> ch01_review_a2.out
2026-09-25T17:14:13   usage: in=9502 out=863 reasoning_chars=2858 content_chars=100 cost=0.00679464 sec=18 model=aion-labs/aion-3.5-mini
2026-09-25T17:14:13 CH01 accepted
2026-09-25T17:14:14 STEP 第1章 合格（2552字） → chapters/ch01.md に確定 → 次はLEDGER記録
2026-09-25T17:14:14 CALL reviewer ledger_ch01.packet.md -> ch01_ledger_a1.out
2026-09-25T17:15:16   usage: in=3065 out=3113 reasoning_chars=6110 content_chars=803 cost=0.0065037 sec=63 model=aion-labs/aion-3.5-mini
2026-09-25T17:15:16 CH01 done
2026-09-25T17:15:16 STEP 第1章 LEDGER記録完了 → 第2章へ
2026-09-25T17:15:16 CALL writer write_ch02.packet.md -> ch02_write_a1.out
2026-09-25T17:17:15   usage: in=8525 out=7878 reasoning_chars=18148 content_chars=1967 cost=0.0169967 sec=118 model=aion-labs/aion-3.5-mini
2026-09-25T17:17:15 STEP 第2章 下書き1稿を作成（1862字）→ 次は審査
2026-09-25T17:17:15 CALL reviewer review_ch02.packet.md -> ch02_review_a1.out
2026-09-25T17:30:35   attempt 2: 空の応答（finish_reason=length）
2026-09-25T17:30:35   attempt 3: 空の応答（finish_reason=length）
2026-09-25T17:30:35   再試行しても失敗しました。最後のエラー: 空の応答（finish_reason=length）
2026-09-25T17:30:35 ESCALATE CALL_FAILED: モデル呼び出し失敗 (rc=1)。stderr: attempt 1: 空の応答（finish_reason=length）
attempt 2: 空の応答（finish_reason=length）
attempt 3: 空の応答（finish_reason=length）
再試行しても失敗しました。最後のエラー: 空の応答（finish_reason=length）

2026-09-25T17:31:12 RESOLVE CALL_FAILED []
2026-09-25T17:31:14 CALL reviewer review_ch02.packet.md -> ch02_review_a1.out
2026-09-25T17:31:50   usage: in=10107 out=1890 reasoning_chars=5405 content_chars=287 cost=0.00799034 sec=35 model=aion-labs/aion-3.5-mini
2026-09-25T17:31:50 CH02 fail a1: 2 problems
2026-09-25T17:31:50 STEP 第2章 不合格（2件）→ 書き直し（2稿目）
2026-09-25T17:31:50 CALL writer write_ch02.packet.md -> ch02_write_a2.out
2026-09-25T17:33:57   usage: in=10223 out=7318 reasoning_chars=10561 content_chars=2373 cost=0.01613666 sec=127 model=aion-labs/aion-3.5-mini
2026-09-25T17:33:57 STEP 第2章 下書き2稿を作成（2264字）→ 次は審査
2026-09-25T17:33:57 CALL reviewer review_ch02.packet.md -> ch02_review_a2.out
2026-09-25T17:48:09   attempt 2: 空の応答（finish_reason=length）
2026-09-25T17:48:09   attempt 3: 空の応答（finish_reason=length）
2026-09-25T17:48:09   再試行しても失敗しました。最後のエラー: 空の応答（finish_reason=length）
2026-09-25T17:48:09 ESCALATE CALL_FAILED: モデル呼び出し失敗 (rc=1)。stderr: attempt 1: 空の応答（finish_reason=length）
attempt 2: 空の応答（finish_reason=length）
attempt 3: 空の応答（finish_reason=length）
再試行しても失敗しました。最後のエラー: 空の応答（finish_reason=length）

2026-09-25T17:48:29 RESOLVE CALL_FAILED []
2026-09-25T17:48:31 CALL reviewer review_ch02.packet.md -> ch02_review_a2.out
2026-09-25T17:48:56   usage: in=10428 out=1512 reasoning_chars=4649 content_chars=118 cost=0.00768584 sec=24 model=aion-labs/aion-3.5-mini
2026-09-25T17:48:56 CH02 fail a2: 1 problems
2026-09-25T17:48:56 STEP 第2章 不合格（1件）→ 書き直し（3稿目）
2026-09-25T17:48:56 CALL writer write_ch02.packet.md -> ch02_write_a3.out
2026-09-25T17:50:10   usage: in=10463 out=4057 reasoning_chars=7552 content_chars=2551 cost=0.01173926 sec=74 model=aion-labs/aion-3.5-mini
2026-09-25T17:50:10 STEP 第2章 下書き3稿を作成（2433字）→ 次は審査
2026-09-25T17:50:10 CALL reviewer review_ch02.packet.md -> ch02_review_a3.out
2026-09-25T17:52:34   usage: in=10574 out=9788 reasoning_chars=28169 content_chars=729 cost=0.01984036 sec=144 model=aion-labs/aion-3.5-mini
2026-09-25T17:52:34 CH02 accepted
2026-09-25T17:52:34 STEP 第2章 合格（2433字）／軽微な指摘3件は記録のみ → chapters/ch02.md に確定 → 次はLEDGER記録
2026-09-25T17:52:34 CALL reviewer ledger_ch02.packet.md -> ch02_ledger_a1.out
2026-09-25T17:53:47   usage: in=3054 out=3839 reasoning_chars=7958 content_chars=1080 cost=0.0075124 sec=73 model=aion-labs/aion-3.5-mini
2026-09-25T17:53:47 CH02 ledger fail: ['PREMATURE: R1 が第2章で回収扱い（予定は第5章）']
2026-09-25T17:53:47 STEP 第2章 LEDGER記録が不備（PREMATURE: R1 が第2章で回収扱い（予定は第5章））→ 記録をやり直す
2026-09-25T17:53:47 CALL reviewer ledger_ch02.packet.md -> ch02_ledger_a2.out
2026-09-25T17:54:35   usage: in=3054 out=3112 reasoning_chars=5469 content_chars=1053 cost=0.00596212 sec=48 model=aion-labs/aion-3.5-mini
2026-09-25T17:54:35 CH02 ledger fail: ['PREMATURE: R1 が第2章で回収扱い（予定は第5章）']
2026-09-25T17:54:35 STEP 第2章 LEDGER記録が不備（PREMATURE: R1 が第2章で回収扱い（予定は第5章））→ 記録をやり直す
2026-09-25T17:54:35 ESCALATE LEDGER_FAILED: 第2章のLEDGER記録が書式を満たさない
2026-09-25T18:10:43 CH02 done
2026-09-25T18:10:43 RESOLVE LEDGER_FAILED ['--ledger-done']
2026-09-25T18:10:49 CALL writer write_ch03.packet.md -> ch03_write_a1.out
2026-09-25T18:20:27   attempt 1: 空の応答（finish_reason=length）
2026-09-25T18:20:27   推論が max_tokens を使い切ったため、reasoning effort を low に下げて再試行します
2026-09-25T18:20:27   usage: in=9250 out=5614 reasoning_chars=13681 content_chars=1662 cost=0.0143346 sec=100 model=aion-labs/aion-3.5-mini
2026-09-25T18:20:27 STEP 第3章 下書き1稿を作成（1574字）→ 次は審査
2026-09-25T18:20:27 CALL reviewer review_ch03.packet.md -> ch03_review_a1.out
2026-09-25T18:27:16   attempt 1: 空の応答（finish_reason=length）
2026-09-25T18:27:16   usage: in=10510 out=6569 reasoning_chars=15976 content_chars=501 cost=0.01475648 sec=132 model=aion-labs/aion-3.5-mini
2026-09-25T18:27:16 CH03 fail a1: 2 problems
2026-09-25T18:27:16 STEP 第3章 不合格（2件）→ 書き直し（2稿目）
2026-09-25T18:27:16 CALL writer write_ch03.packet.md -> ch03_write_a2.out
2026-09-25T18:29:59   usage: in=10724 out=8150 reasoning_chars=15016 content_chars=2083 cost=0.01751904 sec=163 model=aion-labs/aion-3.5-mini
2026-09-25T18:29:59 STEP 第3章 下書き2稿を作成（1992字）→ 次は審査
2026-09-25T18:29:59 CALL reviewer review_ch03.packet.md -> ch03_review_a2.out
2026-09-25T18:31:54   usage: in=10818 out=6855 reasoning_chars=19227 content_chars=656 cost=0.01577184 sec=114 model=aion-labs/aion-3.5-mini
2026-09-25T18:31:54 CH03 fail a2: 1 problems
2026-09-25T18:31:54 STEP 第3章 不合格（1件）→ 書き直し（3稿目）
2026-09-25T18:31:54 CALL writer write_ch03.packet.md -> ch03_write_a3.out
2026-09-25T18:37:41   usage: in=10856 out=19961 reasoning_chars=44782 content_chars=2544 cost=0.03414684 sec=347 model=aion-labs/aion-3.5-mini
2026-09-25T18:37:41 STEP 第3章 下書き3稿を作成（2447字）→ 次は審査
2026-09-25T18:37:41 CALL reviewer review_ch03.packet.md -> ch03_review_a3.out
2026-09-25T18:38:19   usage: in=11176 out=1849 reasoning_chars=5890 content_chars=106 cost=0.00901404 sec=38 model=aion-labs/aion-3.5-mini
2026-09-25T18:38:19 CH03 accepted
2026-09-25T18:38:19 STEP 第3章 合格（2447字） → chapters/ch03.md に確定 → 次はLEDGER記録
2026-09-25T18:38:19 CALL reviewer ledger_ch03.packet.md -> ch03_ledger_a1.out
2026-09-25T18:39:16   usage: in=2911 out=3755 reasoning_chars=8307 content_chars=984 cost=0.0072947 sec=57 model=aion-labs/aion-3.5-mini
2026-09-25T18:39:16 CH03 done
2026-09-25T18:39:16 STEP 第3章 LEDGER記録完了 → 第4章へ
2026-09-25T18:39:16 CALL writer write_ch04.packet.md -> ch04_write_a1.out
2026-09-25T18:46:15   usage: in=9812 out=21939 reasoning_chars=53236 content_chars=2527 cost=0.037583 sec=419 model=aion-labs/aion-3.5-mini
2026-09-25T18:46:15 STEP 第4章 下書き1稿を作成（2397字）→ 次は審査
2026-09-25T18:46:15 CALL reviewer review_ch04.packet.md -> ch04_review_a1.out
2026-09-25T18:46:44   usage: in=11801 out=1669 reasoning_chars=4530 content_chars=127 cost=0.0105973 sec=28 model=aion-labs/aion-3.5-mini
2026-09-25T18:46:44 CH04 accepted
2026-09-25T18:46:44 STEP 第4章 合格（2397字） → chapters/ch04.md に確定 → 次はLEDGER記録
2026-09-25T18:46:44 CALL reviewer ledger_ch04.packet.md -> ch04_ledger_a1.out
2026-09-25T18:47:43   usage: in=3029 out=3726 reasoning_chars=7766 content_chars=964 cost=0.0073367 sec=59 model=aion-labs/aion-3.5-mini
2026-09-25T18:47:43 CH04 done
2026-09-25T18:47:43 STEP 第4章 LEDGER記録完了 → 第5章へ
2026-09-25T18:47:43 CALL writer write_ch05.packet.md -> ch05_write_a1.out
2026-09-25T18:56:02   usage: in=10167 out=30305 reasoning_chars=86272 content_chars=2335 cost=0.0495439 sec=499 model=aion-labs/aion-3.5-mini
2026-09-25T18:56:02 STEP 第5章 下書き1稿を作成（2250字）→ 次は審査
2026-09-25T18:56:02 CALL reviewer review_ch05.packet.md -> ch05_review_a1.out
2026-09-25T19:07:46   attempt 1: 空の応答（finish_reason=length）
2026-09-25T19:07:46   attempt 2: 空の応答（finish_reason=length）
2026-09-25T19:07:46   usage: in=12052 out=8031 reasoning_chars=20778 content_chars=330 cost=0.01761644 sec=161 model=aion-labs/aion-3.5-mini
2026-09-25T19:07:46 CH05 fail a1: 1 problems
2026-09-25T19:07:46 STEP 第5章 不合格（1件）→ 書き直し（2稿目）
2026-09-25T19:07:46 CALL writer write_ch05.packet.md -> ch05_write_a2.out
2026-09-25T19:10:11   usage: in=12061 out=8814 reasoning_chars=13761 content_chars=2516 cost=0.01925142 sec=145 model=aion-labs/aion-3.5-mini
2026-09-25T19:10:11 STEP 第5章 下書き2稿を作成（2430字）→ 次は審査
2026-09-25T19:10:11 CALL reviewer review_ch05.packet.md -> ch05_review_a2.out
2026-09-25T19:11:31   usage: in=12217 out=3981 reasoning_chars=11722 content_chars=106 cost=0.01252786 sec=80 model=aion-labs/aion-3.5-mini
2026-09-25T19:11:31 CH05 accepted
2026-09-25T19:11:31 STEP 第5章 合格（2430字） → chapters/ch05.md に確定 → 次はLEDGER記録
2026-09-25T19:11:31 CALL reviewer ledger_ch05.packet.md -> ch05_ledger_a1.out
2026-09-25T19:12:17   usage: in=2994 out=2628 reasoning_chars=4703 content_chars=1142 cost=0.005775 sec=46 model=aion-labs/aion-3.5-mini
2026-09-25T19:12:17 CH05 done
2026-09-25T19:12:17 STEP 第5章 LEDGER記録完了 → 第6章へ
2026-09-25T19:12:17 CALL writer write_ch06.packet.md -> ch06_write_a1.out
2026-09-25T19:13:42   usage: in=10628 out=4651 reasoning_chars=10067 content_chars=2214 cost=0.013951 sec=86 model=aion-labs/aion-3.5-mini
2026-09-25T19:13:42 STEP 第6章 下書き1稿を作成（2061字）→ 次は審査
2026-09-25T19:13:42 CALL reviewer review_ch06.packet.md -> ch06_review_a1.out
2026-09-25T19:15:24   usage: in=12246 out=5767 reasoning_chars=15910 content_chars=451 cost=0.016646 sec=101 model=aion-labs/aion-3.5-mini
2026-09-25T19:15:24 CH06 fail a1: 3 problems
2026-09-25T19:15:24 STEP 第6章 不合格（3件）→ 書き直し（2稿目）
2026-09-25T19:15:24 CALL writer write_ch06.packet.md -> ch06_write_a2.out
2026-09-25T19:17:08   usage: in=12475 out=5556 reasoning_chars=7820 content_chars=2454 cost=0.0148469 sec=105 model=aion-labs/aion-3.5-mini
2026-09-25T19:17:08 STEP 第6章 下書き2稿を作成（2296字）→ 次は審査
2026-09-25T19:17:08 CALL reviewer review_ch06.packet.md -> ch06_review_a2.out
2026-09-25T19:26:06   attempt 1: 空の応答（finish_reason=length）
2026-09-25T19:26:06   attempt 2: 空の応答（finish_reason=length）
2026-09-25T19:26:06   usage: in=12434 out=2078 reasoning_chars=5991 content_chars=87 cost=0.00948308 sec=38 model=aion-labs/aion-3.5-mini
2026-09-25T19:26:06 CH06 fail a2: 1 problems
2026-09-25T19:26:06 STEP 第6章 不合格（1件）→ 書き直し（3稿目）
2026-09-25T19:26:06 CALL writer write_ch06.packet.md -> ch06_write_a3.out
2026-09-25T19:27:11   usage: in=12487 out=3402 reasoning_chars=5656 content_chars=2494 cost=0.0118397 sec=65 model=aion-labs/aion-3.5-mini
2026-09-25T19:27:11 STEP 第6章 下書き3稿を作成（2335字）→ 次は審査
2026-09-25T19:27:11 CALL reviewer review_ch06.packet.md -> ch06_review_a3.out
2026-09-25T19:28:22   usage: in=12462 out=4190 reasoning_chars=12246 content_chars=299 cost=0.0129254 sec=71 model=aion-labs/aion-3.5-mini
2026-09-25T19:28:22 ESCALATE CHAPTER_EXHAUSTED: 第6章が3稿で合格しない: [canon] 地球のラインまでの残り日数が更新されていない。前章の終わりで到達まで150日・成熟まで110日・地球のラインまで210日だったが、本章の朝には到達149日・成熟109日となっており1日が経過している。にもかかわらず地球のラインだけ「二百十日」のままである。 → 「地球のラインまで、二百九日」に修正する。
2026-09-25T19:34:06 CH06 accepted
2026-09-25T19:34:06 RESOLVE CHAPTER_EXHAUSTED ['--accept']
2026-09-25T19:34:09 CALL reviewer ledger_ch06.packet.md -> ch06_ledger_a1.out
2026-09-25T19:35:17   usage: in=2785 out=3503 reasoning_chars=7845 content_chars=1114 cost=0.0068537 sec=67 model=aion-labs/aion-3.5-mini
2026-09-25T19:35:17 CH06 done
2026-09-25T19:35:17 STEP 第6章 LEDGER記録完了 → 第7章へ
2026-09-25T19:35:17 CALL writer write_ch07.packet.md -> ch07_write_a1.out
2026-09-25T19:42:30   usage: in=None out=None reasoning_chars=57995 content_chars=2732 cost=None sec=433 model=aion-labs/aion-3.5-mini
2026-09-25T19:42:30 CALL writer write_ch07.continue.packet.md -> ch07_write_a1_cont.out
2026-09-25T19:43:32   usage: in=13496 out=3700 reasoning_chars=6956 content_chars=499 cost=0.01276352 sec=62 model=aion-labs/aion-3.5-mini
2026-09-25T19:43:32 CH07 continued after truncation
2026-09-25T19:43:32 STEP 第7章 下書き1稿を作成（3036字）→ 次は審査
2026-09-25T19:43:32 CALL reviewer review_ch07.packet.md -> ch07_review_a1.out
2026-09-25T19:46:30   usage: in=13696 out=10570 reasoning_chars=29849 content_chars=371 cost=0.0243852 sec=177 model=aion-labs/aion-3.5-mini
2026-09-25T19:46:30 CH07 fail a1: 1 problems
2026-09-25T19:46:30 STEP 第7章 不合格（1件）→ 書き直し（2稿目）
2026-09-25T19:46:30 CALL writer write_ch07.packet.md -> ch07_write_a2.out
2026-09-25T19:49:53   usage: in=13803 out=11900 reasoning_chars=19089 content_chars=2812 cost=0.02452498 sec=203 model=aion-labs/aion-3.5-mini
2026-09-25T19:49:53 STEP 第7章 下書き2稿を作成（2627字）→ 次は審査
2026-09-25T19:49:53 CALL reviewer review_ch07.packet.md -> ch07_review_a2.out
2026-09-25T19:51:25   usage: in=13356 out=4630 reasoning_chars=10893 content_chars=87 cost=0.01410064 sec=91 model=aion-labs/aion-3.5-mini
2026-09-25T19:51:25 CH07 accepted
2026-09-25T19:51:25 STEP 第7章 合格（2627字） → chapters/ch07.md に確定 → 次はLEDGER記録
2026-09-25T19:51:25 CALL reviewer ledger_ch07.packet.md -> ch07_ledger_a1.out
2026-09-25T19:53:34   usage: in=3103 out=6872 reasoning_chars=15577 content_chars=1149 cost=0.0117929 sec=130 model=aion-labs/aion-3.5-mini
2026-09-25T19:53:34 CH07 done
2026-09-25T19:53:34 STEP 第7章 LEDGER記録完了 → 第8章へ
2026-09-25T19:53:34 CALL writer write_ch08.packet.md -> ch08_write_a1.out
2026-09-25T19:55:45   usage: in=11564 out=7720 reasoning_chars=12401 content_chars=1754 cost=0.0189028 sec=130 model=aion-labs/aion-3.5-mini
2026-09-25T19:55:45 STEP 第8章 下書き1稿を作成（1669字）→ 次は審査
2026-09-25T19:55:45 CALL reviewer review_ch08.packet.md -> ch08_review_a1.out
2026-09-25T19:56:26   usage: in=13311 out=2004 reasoning_chars=5796 content_chars=107 cost=0.0121233 sec=41 model=aion-labs/aion-3.5-mini
2026-09-25T19:56:26 CH08 fail a1: 1 problems
2026-09-25T19:56:26 STEP 第8章 不合格（1件）→ 書き直し（2稿目）
2026-09-25T19:56:26 CALL writer write_ch08.packet.md -> ch08_write_a2.out
2026-09-25T20:01:50   usage: in=13001 out=16072 reasoning_chars=29506 content_chars=2793 cost=0.02980438 sec=324 model=aion-labs/aion-3.5-mini
2026-09-25T20:01:50 STEP 第8章 下書き2稿を作成（2614字）→ 次は審査
2026-09-25T20:01:50 CALL reviewer review_ch08.packet.md -> ch08_review_a2.out
2026-09-25T20:08:56   attempt 1: 空の応答（finish_reason=length）
2026-09-25T20:08:56   usage: in=14057 out=6599 reasoning_chars=17367 content_chars=593 cost=0.01668234 sec=128 model=aion-labs/aion-3.5-mini
2026-09-25T20:08:56 CH08 fail a2: 1 problems
2026-09-25T20:08:56 STEP 第8章 不合格（1件）→ 書き直し（3稿目）
2026-09-25T20:08:56 CALL writer write_ch08.packet.md -> ch08_write_a3.out
2026-09-25T20:09:58   usage: in=13930 out=3697 reasoning_chars=3737 content_chars=2914 cost=0.01312968 sec=62 model=aion-labs/aion-3.5-mini
2026-09-25T20:09:58 STEP 第8章 下書き3稿を作成（2727字）→ 次は審査
2026-09-25T20:09:58 CALL reviewer review_ch08.packet.md -> ch08_review_a3.out
2026-09-25T20:11:47   usage: in=14144 out=6381 reasoning_chars=17502 content_chars=356 cost=0.01677084 sec=109 model=aion-labs/aion-3.5-mini
2026-09-25T20:11:47 CH08 accepted
2026-09-25T20:11:47 STEP 第8章 合格（2727字）／軽微な指摘1件は記録のみ → chapters/ch08.md に確定 → 次はLEDGER記録
2026-09-25T20:11:47 CALL reviewer ledger_ch08.packet.md -> ch08_ledger_a1.out
2026-09-25T20:13:03   usage: in=3209 out=4546 reasoning_chars=9354 content_chars=1103 cost=0.0086107 sec=76 model=aion-labs/aion-3.5-mini
2026-09-25T20:13:03 CH08 done
2026-09-25T20:13:03 STEP 第8章 LEDGER記録完了 → 全章そろった。最終工程へ
2026-09-25T20:13:03 STEP output/final.md を結合（19948字） → 最終審査へ
2026-09-25T20:13:03 CALL reviewer final.packet.md -> final_review.out
2026-09-25T20:16:16   usage: in=16760 out=11077 reasoning_chars=31637 content_chars=1087 cost=0.0272398 sec=192 model=aion-labs/aion-3.5-mini
2026-09-25T20:16:16 ESCALATE FINAL_REVIEW_FAILED: 最終審査で重大な指摘あり（output/final_report.md 参照）
2026-09-25T20:49:55 RESOLVE FINAL_REVIEW_FAILED ['--done']
