# 第5章　いちばん盛れてる日
三月一日の朝、姉は自分で自分の髪を結った。

三面鏡の前で、金色の髪を高い位置でまとめて、ねじって、ピンを十本以上使って、花みたいな形にした。仕上げに、パールのヘアクリップを一つ。わたしが一月の誕生日にもらったものの片割れを、姉は「今日だけ貸して」と言って、わたしの缶から持っていった。

「すず、どう？」

「盛れてる」

「でしょ。今日のは、ガチ」

姉の卒業式だった。

体育館は、一年前の四月と同じワックスとパイプ椅子の匂いがした。在校生の席は後ろのほうにあったけれど、わたしは岡部先生に頼んで、保護者席に座らせてもらった。「家族として出たいんです」と言ったら、先生は眼鏡を押し上げて、「春野の妹なら、しょうがないな」と笑った。

保護者席の最後の列。一年前、姉が足を組んで座っていた場所の、ちょうど隣の椅子だった。

スーツの黒と紺とベージュの中で、わたしの紺のブレザーは、少しだけ浮いていた。隣のお父さんが、ちらっとわたしを見た。わたしは会釈をした。お父さんも会釈を返した。一年前の姉は、こういう気持ちだったのかもしれない、と思った。首の後ろのあたりが、少しだけ熱かった。

「三年二組。春野ひかり」

「はい」

姉の返事は、体育館じゅうに響いた。金色の花みたいな頭が、壇上へ上がっていった。卒業証書を受け取って、礼をして、振り返るとき、姉は保護者席のほうを見た。最後の列の、わたしのほうを。そして、誰にも分からないくらい小さく、ピースをした。

わたしも、膝の上で、小さくピースを返した。

春野ひかり、と呼ばれる姉を、この学校で聞くのは、これが最後だった。わたしが春野すずと呼ばれるのも、あと一か月だった。二月の終わりに、横浜の高校の転入試験の合格の通知が来ていた。

式のあと、校庭の桜は、まだつぼみだった。梨奈さんが、姉に抱きついて泣いた。ミクが、スマホで二人を撮った。姉は泣かなかった。わたしのほうを見て、「すず、写真」と言って、三人で並んだ。画面の中で、姉だけが完璧な角度で笑っていた。

＊

三月二十七日は、キャンディラボの、姉の最後のバイトの日だった。

閉店の九時に、わたしとミクと梨奈さんで、二階の奥の店に行った。『SALE』の札が、入口で揺れていた。姉は黒いパーカーに名札をつけて、最後のハンガーを六本まとめて棚に戻していた。

「ひかり、おつかれさま」

佐伯さんが、レジの奥から細長い箱を出してきた。黒い革のケースだった。開けると、中に、はさみを入れるためのポケットが並んでいた。

「シザーケース。はさみはね、ノラの先輩に選んでもらいな。ケースは、あたしから。いつか、ここに、自分のはさみを入れて」

姉は、ケースを両手で持って、しばらく動かなかった。それから、盛れてる声で言った。

「店長、泣かせにきてるでしょ」

「泣かせにきてる」

「泣かないし。化粧、崩れるし」

姉は、泣かなかった。佐伯さんが泣いた。梨奈さんも泣いた。ミクは泣きながら、スマホで泣いている佐伯さんを撮っていた。わたしは、姉の名札の裏をそっと見た。一年前の四月に貼ったプリクラが、角をすり減らして、まだそこにあった。『さいきょー姉妹』の字が、半分消えかけていた。

帰り道、姉は、東京デビュー服を着ていた。袖のないデニムの背中で、四角い星が、街灯の光を拾って光っていた。

＊

三月三十日、わたしたちは、最後のプリクラを撮りに行った。

部屋の荷物は、もうほとんど出ていた。わたしの三つの段ボールは、前の日に横浜へ送った。姉のスーツケースと、大きな布のバッグが一つずつ、玄関に立っていた。冷蔵庫も、洗濯機も、リサイクルの業者さんが持っていった。持っていかれる前に、姉は冷蔵庫の扉から、父の手紙と、ノラの求人票と、カレンダーをはがして、クリアファイルにしまった。

アサギリ・ルミナの四階は、春休みの中学生でうるさかった。太鼓のゲームの音と、クレーンゲームの音と、機械の「写真を撮るよ！」の高い声。一年前と、何も変わっていなかった。

「四百円、あたし持ち」

「最後くらい、わたしが出す」

「だめ。お姉ちゃん持ちは、春野家法」

「まだ春野だから、わたしも出せる」

「屁理屈」

結局、二百円ずつ出した。

白い光のブースの中で、機械が数を数えた。姉は、両手でハートを作れと言い、次は頬をつぶせと言い、最後は好きにしろと言った。わたしは、一年前と同じように、ピースを二つ並べた。姉は、わたしの肩に頭をのせて、目を閉じた。

落書きのブースは、画面が一つで、ペンが二本あった。姉が左のペン、わたしが右のペン。

姉は、真ん中に、ピンクの太い字で書いた。

『さいきょー姉妹』

一年前と同じ字だった。少しだけ、上手になっていた。

それから、姉はペンを持ったまま、画面の右側に手をのばした。わたしの顔の、下のあたり。姉の手が、わたしのほうへ来たので、わたしは画面から目をそらして、左側に手をのばした。姉の顔の、下のあたり。

二人とも、相手の手元を見なかった。見ないように、自分のペン先だけを見ていた。機械が、残り時間を数えていた。

わたしは、青いペンで、小さく書いた。

姉の手が、先に止まった。わたしの手も、止まった。

「……印刷しよ」

姉が言って、ボタンを押した。

取り出し口の前で、二人で、シールが出てくるのを待った。機械の中で、何かが、しゅうしゅうと音を立てていた。

シールが、落ちてきた。

真ん中に、『さいきょー姉妹』。

わたしの顔の下に、姉の丸い字で、小さく。

『知ってたよ』

姉の顔の下に、わたしの字で、小さく。

『こっちも』

姉は、シールを見ていた。わたしも、シールを見ていた。どちらも、何も言わなかった。まわりで、中学生たちがはしゃいでいた。クレーンゲームで、誰かが大きなぬいぐるみを取って、歓声が上がった。

姉が知っていたのは、たぶん、いつからだったのだろう。九月三日の夜、「よかったじゃん」と笑う前からか。一月十四日の夜、「うん。楽しみ」と笑ったわたしを、長いあいだ見ていたときか。ふすまの向こうの「へたくそ」は、マリアンヌの三つ編みのことではなかったのか。

わたしが知っていたのは、姉の「よかったじゃん」が、いちばん盛れていない声だったこと。ポプラ亭の窓の中の、笑っていない顔。「パパ、北海道から来るんだって」の、明るすぎる声。姉がずっと、わたしのために、何を消してきたか。

姉は、シールを光にかざして、言った。

「盛れすぎ。これ誰」

「わたしたちだよ」と、わたしは言った。「わたしたちの、いちばん盛れてる顔」

姉は、はさみでシールを半分に切って、片方をわたしにくれた。わたしは、それをスマホケースの内側に挟んだ。一年前の四月のシールの上に、重ねて。

姉は、自分のぶんを、どこにも貼らなかった。東京デビュー服の胸ポケットに、そっと入れた。

＊

その夜、七号棟三〇五号室には、布団が二組と、三面鏡だけが残った。

三面鏡は、あしたの朝、粗大ごみに出すことになっていた。横浜にも、東京の寮にも、持っていく場所がなかった。姉は、最後の夜まで、花柄の布をかけておいた。

家具のない部屋は、声がよく響いた。わたしが「お風呂、冷たい」と言うと、壁のほうから、わたしの声が小さく返ってきた。姉が「あったかくしろー」と叫ぶと、姉の声が、台所の空っぽの床を転がっていった。ガスは、ちゃんと出た。最後の月のぶんは、姉が二月のうちに払っていた。

電気を消して、二人で、並べた布団に入った。

カーテンを外した窓から、給水塔の上の月が見えた。畳の上に、窓の形の四角い光が落ちていた。

「すず」

「なに」

「ほら。二人暮らし」

姉は、天井に向かって、両手を広げた。

「オートロックは、ないけど」

「……ないね」

「宅配便の人も変な人も、上がってこないよ。だって、住所、もうないもん」

「それ、オートロックより強い」

「でしょ。約束、守ったっしょ」

姉は、小指を立てて、わたしの布団のほうへ突き出した。わたしは、自分の小指をかけた。姉の指は、八月の夜みたいに冷たくなかった。布団の中で温まっていた。

「一泊だけじゃん」

「一泊でも、暮らしは暮らし。ラムネ千本は、なしね」

わたしは、暗い天井を見ていた。

本当は、横浜になんて、行きたくなかった。部屋が広いことも、駅が近いことも、翔くんに会ってみたいことも、ぜんぶ本当で、ぜんぶどうでもよかった。わたしは、この団地の、エレベーターのない五十二段の階段と、灯油の匂いと、毎朝の三面鏡と、姉の指が髪を分ける感じのところに、ずっといたかった。姉の言う、オートロックの部屋に、二人で住みたかった。

でも、わたしがいたら、姉はマリアンヌの箱の底に、ずっと『行きたい』をしまったままだった。線を引いても消えない字を、毎晩、三つ編みにして、ほどいて、また編んでいた。

だから、わたしは「行く」と言った。姉は「よかったじゃん」と言った。二人とも、いちばん盛れてる顔で。

「明日から、あたしら、名字ちがうんだね」と、姉が言った。

「うん。宇佐美すず」

「うさみ。うさぎみたい。かわいいじゃん」

「かわいくない」

「かわいいよ。……血は、つながってるけどね」

「うん」

「血のつながった、他人」

姉は、その言葉を、口の中で転がすみたいに言った。

「他人ってさ、いいよ。会いに行くのに、理由いらないから。『近くまで来たから』でいいの。家族って、帰る理由がいるじゃん。他人は、遊びに行くだけ」

「そういうもの？」

「そういうもの。いま決めた」

父は、東川市の家で、真理恵さんと娘さんと、たぶん今ごろ眠っている。母は、横浜の坂の上のマンションで、誠さんと翔くんと、たぶん明日の朝の準備をしている。姉は、東京の、三軒茶屋の寮へ。わたしは、母の新しい家へ。

もう、一つの家に住むことはない。父も、母も、姉も、わたしも。

明日からは、血のつながった他人になる。

姉の寝息が聞こえはじめても、わたしは、しばらく目を開けていた。給水塔の上の月が、窓の四角から、ゆっくり出ていった。

＊

三月三十一日の朝、わたしは、五時に目が覚めた。

部屋は、まだ青かった。窓の外が、少しずつ白くなっていくところだった。

隣の布団で、姉が眠っていた。

化粧をしていない顔だった。眉が薄くて、まつげが短くて、口が半分開いていた。朝霧湯の湯気の中で見た、のっぺらの顔。十八歳の、普通の女の子の顔。一年前の四月、三面鏡の中で真剣な顔をしていた姉と、同じ人だとは思えなかった。同じ人だと、分かった。

わたしは、枕元のカメラを取った。

ファインダーをのぞいた。四角い枠の中に、姉の寝顔があった。窓からの白い光が、姉の頬の産毛を、細く光らせていた。盛れていない顔だった。わたしが知っている中で、いちばんきれいな顔だった。

カウンターは、二十三を指していた。

シャッターを、押した。

かしゃ、と、思ったより大きな音がした。空っぽの部屋に、音が響いた。

姉が、片目を開けた。

「ちょ、すず。いま撮った？」

「撮ってない」

「撮ったでしょ。音したし」

「気のせい」

「気のせいの音、でか」

姉は、布団の中で笑って、もう一度目を閉じた。

巻き上げレバーは、もう最後まで回らなかった。二十四枚。一年で、一本。この一本は、横浜に着いて、一人のときに現像しようと決めていた。一枚目の三面鏡の姉から、二十四枚目の寝顔の姉まで。暗い部屋の赤い光の中で、一枚ずつ、出てくるのを待とうと。

七時に、スマホが震えた。

『元気でな』

父からだった。姉のスマホも、同じ時間に震えた。姉が画面を見せてくれた。同じ字だった。

「パパ、コピペじゃん」

姉は笑って、『パパもね。雪、気をつけて』と返した。

三面鏡の前で、姉は最後に、わたしの髪を結った。

低い位置で、一本の三つ編み。九月四日の朝と同じ形だった。でも、あの朝みたいに固くはなかった。姉の指は、ゆっくり動いた。一束ずつ、確かめるみたいに、重ねていった。最後に、毛先を指で少しねじって、黒いゴムで結んだ。

「今日は、すずにも盛らせて」

姉は、わたしの顔に、下地を塗った。まぶたに、薄い茶色を一色だけのせた。ビューラーで、わたしのまつげを持ち上げた。痛くないように、ゆっくり。最後に、色のついたリップを、指で、とんとんと唇にのせた。

三面鏡の三枚の鏡に、わたしが三人映っていた。

「ほら、盛れてる」

「……盛れてる」

姉は、鏡の中のわたしを見て、満足そうにうなずいた。それから、三面鏡の扉を閉じて、花柄の布をかけた。布の下で、三人のわたしが見えなくなった。

九時半に、市の住宅課の人が来た。姉は、玄関の鍵を二本、その人の手のひらにのせた。その人は、「長いあいだ、ありがとうございました」と言った。ドアが閉まった。三〇五号室は、もう、わたしたちの部屋ではなかった。

五十二段のうち、三階から一階までを、二人で降りた。姉のスーツケースの車輪が、一段ごとに、ごとん、と鳴った。

＊

朝霧駅前の高速バス乗り場は、春休みの人でにぎわっていた。

十時十分発、東京行き。姉は、四角い星のデニムを着て、スーツケースを預けた。母からは、『十時半に、ロータリーで待ってます』とLINEが来ていた。

乗り場の列の前で、姉はわたしに向き直った。

「振り返ったら、負けね」

「なんの勝負」

「姉妹の」

「もう他人じゃん」

「他人の勝負」

姉は笑って、わたしの三つ編みの先を、指で一回だけ、ぴん、とはじいた。

「いってきます」

「いってらっしゃい」

十月から、ずっと練習してきた言葉だった。言ってみたら、それは練習より、ずっと重かった。

姉はバスに乗った。窓際の席に座った。窓の中で、金色のポニーテールが、前を向いていた。バスのドアが閉まって、エンジンの音が大きくなった。

バスは、ゆっくり動き出した。ロータリーを半周して、駅前の通りへ出ていった。姉は、一度も、こっちを見なかった。前を向いたまま、金色の頭だけが、窓の中で小さくなっていった。

バスは、角を曲がって、見えなくなった。

わたしは、ロータリーのほうへ歩き出した。白い車の横で、母が手を振っているのが見えた。わたしは、振り返らなかった。

姉が結んだ三つ編みは、横浜に着くまで、一度もほどけなかった。
