2026-09-25T22:55:13 INIT
2026-09-25T22:59:23 CALL writer design.packet.md -> design_a1.out
2026-09-26T05:35:47 CALL writer design.packet.md -> design_a1.out
2026-09-26T05:35:47   work/inbox/design.md がありません（パケット: work/design.packet.md）
2026-09-26T05:35:47 ESCALATE AWAITING_AUTHOR: 書き手の答えを待っています: work/inbox/design.md がありません（パケット: work/design.packet.md）
2026-09-26T05:35:50 RESOLVE AWAITING_AUTHOR []
2026-09-26T05:35:50 CALL writer design.packet.md -> design_a1.out
2026-09-26T05:35:50   inbox: design (11052 chars) author=writer
2026-09-26T05:35:50 STEP CANON下書きを canon/CANON.md に保存 → 次は審査
2026-09-26T05:36:04 CALL reviewer canon-review.packet.md -> canon_review_a1.out
2026-09-26T05:36:04   inbox: canon-review (474 chars) author=reviewer
2026-09-26T05:36:04 CANON locked
2026-09-26T05:36:04 STEP CANONが審査を通過し、ロックしました → 第1章へ
2026-09-26T05:37:30 CALL writer write_ch01.packet.md -> ch01_write_a1.out
2026-09-26T05:37:30   inbox: write_ch01 (6134 chars) author=writer
2026-09-26T05:37:30 STEP 第1章 下書き1稿を作成（5791字）→ 次は審査
2026-09-26T05:37:43 CALL reviewer review_ch01.packet.md -> ch01_review_a1.out
2026-09-26T05:37:43   inbox: review_ch01 (582 chars) author=reviewer
2026-09-26T05:37:43 CH01 accepted
2026-09-26T05:37:43 STEP 第1章 合格（5791字）／軽微な指摘3件は記録のみ → chapters/ch01.md に確定 → 次はLEDGER記録
2026-09-26T05:38:02 CALL reviewer ledger_ch01.packet.md -> ch01_ledger_a1.out
2026-09-26T05:38:02   inbox: ledger_ch01 (1794 chars) author=reviewer
2026-09-26T05:38:02 CH01 done
2026-09-26T05:38:02 STEP 第1章 LEDGER記録完了 → 第2章へ
2026-09-26T05:39:34 CALL writer write_ch02.packet.md -> ch02_write_a1.out
2026-09-26T05:39:34   inbox: write_ch02 (6008 chars) author=writer
2026-09-26T05:39:34 STEP 第2章 下書き1稿を作成（5681字）→ 次は審査
2026-09-26T05:39:50 CALL reviewer review_ch02.packet.md -> ch02_review_a1.out
2026-09-26T05:39:50   inbox: review_ch02 (422 chars) author=reviewer
2026-09-26T05:39:50 CH02 fail a1: 1 problems
2026-09-26T05:39:50 STEP 第2章 不合格（1件）→ 書き直し（2稿目）
2026-09-26T05:39:50 CALL writer write_ch02.packet.md -> ch02_write_a2.out
2026-09-26T05:39:50   inbox: write_ch02 (6007 chars) author=writer
2026-09-26T05:39:50 STEP 第2章 下書き2稿を作成（5680字）→ 次は審査
2026-09-26T05:40:09 CALL reviewer review_ch02.packet.md -> ch02_review_a2.out
2026-09-26T05:40:09   inbox: review_ch02 (236 chars) author=reviewer
2026-09-26T05:40:09 CH02 accepted
2026-09-26T05:40:09 STEP 第2章 合格（5680字）／軽微な指摘1件は記録のみ → chapters/ch02.md に確定 → 次はLEDGER記録
2026-09-26T05:40:09 CALL reviewer ledger_ch02.packet.md -> ch02_ledger_a1.out
2026-09-26T05:40:09   inbox: ledger_ch02 (1734 chars) author=reviewer
2026-09-26T05:40:09 CH02 done
2026-09-26T05:40:09 STEP 第2章 LEDGER記録完了 → 第3章へ
2026-09-26T05:41:37 CALL writer write_ch03.packet.md -> ch03_write_a1.out
2026-09-26T05:41:37   inbox: write_ch03 (6090 chars) author=writer
2026-09-26T05:41:37 STEP 第3章 下書き1稿を作成（5741字）→ 次は審査
2026-09-26T05:42:11 CALL reviewer review_ch03.packet.md -> ch03_review_a1.out
2026-09-26T05:42:11   inbox: review_ch03 (427 chars) author=reviewer
2026-09-26T05:42:11 CH03 accepted
2026-09-26T05:42:11 STEP 第3章 合格（5741字）／軽微な指摘2件は記録のみ → chapters/ch03.md に確定 → 次はLEDGER記録
2026-09-26T05:42:11 CALL reviewer ledger_ch03.packet.md -> ch03_ledger_a1.out
2026-09-26T05:42:11   inbox: ledger_ch03 (2054 chars) author=reviewer
2026-09-26T05:42:11 CH03 done
2026-09-26T05:42:11 STEP 第3章 LEDGER記録完了 → 第4章へ
2026-09-26T05:43:30 CALL writer write_ch04.packet.md -> ch04_write_a1.out
2026-09-26T05:43:30   inbox: write_ch04 (5070 chars) author=writer
2026-09-26T05:43:30 STEP 第4章 下書き1稿を作成（4763字）→ 次は審査
2026-09-26T05:44:01 CALL reviewer review_ch04.packet.md -> ch04_review_a1.out
2026-09-26T05:44:01   inbox: review_ch04 (547 chars) author=reviewer
2026-09-26T05:44:01 CH04 fail a1: 3 problems
2026-09-26T05:44:01 STEP 第4章 不合格（3件）→ 書き直し（2稿目）
2026-09-26T05:44:01 CALL writer write_ch04.packet.md -> ch04_write_a2.out
2026-09-26T05:44:01   inbox: write_ch04 (6061 chars) author=writer
2026-09-26T05:44:01 STEP 第4章 下書き2稿を作成（5706字）→ 次は審査
2026-09-26T05:44:23 CALL reviewer review_ch04.packet.md -> ch04_review_a2.out
2026-09-26T05:44:23   inbox: review_ch04 (237 chars) author=reviewer
2026-09-26T05:44:23 CH04 accepted
2026-09-26T05:44:23 STEP 第4章 合格（5706字）／軽微な指摘1件は記録のみ → chapters/ch04.md に確定 → 次はLEDGER記録
2026-09-26T05:44:23 CALL reviewer ledger_ch04.packet.md -> ch04_ledger_a1.out
2026-09-26T05:44:23   inbox: ledger_ch04 (1811 chars) author=reviewer
2026-09-26T05:44:23 CH04 done
2026-09-26T05:44:23 STEP 第4章 LEDGER記録完了 → 第5章へ
2026-09-26T05:45:52 CALL writer write_ch05.packet.md -> ch05_write_a1.out
2026-09-26T05:45:52   inbox: write_ch05 (6000 chars) author=writer
2026-09-26T05:45:52 STEP 第5章 下書き1稿を作成（5683字）→ 次は審査
2026-09-26T05:46:05 CALL reviewer review_ch05.packet.md -> ch05_review_a1.out
2026-09-26T05:46:05   inbox: review_ch05 (439 chars) author=reviewer
2026-09-26T05:46:05 CH05 fail a1: 1 problems
2026-09-26T05:46:05 STEP 第5章 不合格（1件）→ 書き直し（2稿目）
2026-09-26T05:46:05 CALL writer write_ch05.packet.md -> ch05_write_a2.out
2026-09-26T05:46:05   inbox: write_ch05 (6000 chars) author=writer
2026-09-26T05:46:05 STEP 第5章 下書き2稿を作成（5683字）→ 次は審査
2026-09-26T05:46:05 CALL reviewer review_ch05.packet.md -> ch05_review_a2.out
2026-09-26T05:46:05   inbox: review_ch05 (145 chars) author=reviewer
2026-09-26T05:46:05 CH05 accepted
2026-09-26T05:46:05 STEP 第5章 合格（5683字） → chapters/ch05.md に確定 → 次はLEDGER記録
2026-09-26T05:46:21 CALL reviewer ledger_ch05.packet.md -> ch05_ledger_a1.out
2026-09-26T05:46:21   inbox: ledger_ch05 (1542 chars) author=reviewer
2026-09-26T05:46:21 CH05 done
2026-09-26T05:46:21 STEP 第5章 LEDGER記録完了 → 全章そろった。最終工程へ
2026-09-26T05:46:21 STEP output/final.md を結合（28601字） → 最終審査へ
2026-09-26T05:46:28 CALL reviewer final.packet.md -> final_review.out
2026-09-26T05:46:28   inbox: final (603 chars) author=reviewer
2026-09-26T05:46:28 STEP 最終審査合格。output/final.md と output/final_report.md が完成品です
2026-09-26T05:46:34 START detached pid=7
2026-09-26T05:46:34 CALL polisher polish_ch01.packet.md -> polish_ch01_a1.out
2026-09-26T14:48:02 CALL polisher polish_ch01.packet.md -> polish_ch01_a1.out
2026-09-26T14:52:34   usage: in=12620 out=18530 reasoning_chars=55040 content_chars=6398 cost=0.03271264 sec=272 model=aion-labs/aion-3.5-mini
2026-09-26T14:52:34 POLISH CH01 a1: 5791->6055 issues=0
2026-09-26T14:52:34 CALL polisher polish_ch02.packet.md -> polish_ch02_a1.out
2026-09-26T14:56:11   usage: in=12555 out=13512 reasoning_chars=32649 content_chars=6835 cost=0.0277053 sec=216 model=aion-labs/aion-3.5-mini
2026-09-26T14:56:11 POLISH CH02 a1: 5680->6509 issues=0
2026-09-26T14:56:11 CALL polisher polish_ch03.packet.md -> polish_ch03_a1.out
2026-09-26T14:58:50   usage: in=12584 out=9775 reasoning_chars=13785 content_chars=6628 cost=0.0224938 sec=159 model=aion-labs/aion-3.5-mini
2026-09-26T14:58:50 POLISH CH03 a1: 5741->6277 issues=0
2026-09-26T14:58:50 CALL polisher polish_ch04.packet.md -> polish_ch04_a1.out
2026-09-26T15:03:31   usage: in=12566 out=19310 reasoning_chars=25363 content_chars=6460 cost=0.0358302 sec=281 model=aion-labs/aion-3.5-mini
2026-09-26T15:03:31 POLISH CH04 a1: 5706->6106 issues=0
2026-09-26T15:03:31 CALL polisher polish_ch05.packet.md -> polish_ch05_a1.out
2026-09-26T15:07:03   usage: in=12498 out=13399 reasoning_chars=14055 content_chars=6451 cost=0.0275072 sec=213 model=aion-labs/aion-3.5-mini
2026-09-26T15:07:03 POLISH CH05 a1: 5683->6134 issues=0
