2026-09-26T19:11:26 INIT
2026-09-26T19:19:05 CALL writer design.packet.md -> design_a1.out
2026-09-27T11:12:54 CALL writer design.packet.md -> design_a1.out
2026-09-27T11:12:54   inbox: design (14835 chars) author=writer
2026-09-27T11:12:54 STEP CANON下書きを canon/CANON.md に保存 → 次は審査
2026-09-27T11:13:34 CALL reviewer canon-review.packet.md -> canon_review_a1.out
2026-09-27T11:13:34   inbox: canon-review (492 chars) author=reviewer
2026-09-27T11:13:34 CANON locked
2026-09-27T11:13:34 STEP CANONが審査を通過し、ロックしました → 第1章へ
2026-09-27T11:15:41 CALL writer write_ch01.packet.md -> ch01_write_a1.out
2026-09-27T11:15:41   inbox: write_ch01 (6971 chars) author=writer
2026-09-27T11:15:41 STEP 第1章 下書き1稿を作成（6703字）→ 次は審査
2026-09-27T11:15:52 CALL reviewer review_ch01.packet.md -> ch01_review_a1.out
2026-09-27T11:15:52   inbox: review_ch01 (412 chars) author=reviewer
2026-09-27T11:15:52 CH01 accepted
2026-09-27T11:15:52 STEP 第1章 合格（6703字）／軽微な指摘2件は記録のみ → chapters/ch01.md に確定 → 次はLEDGER記録
2026-09-27T11:16:14 CALL reviewer ledger_ch01.packet.md -> ch01_ledger_a1.out
2026-09-27T11:16:14   inbox: ledger_ch01 (2074 chars) author=reviewer
2026-09-27T11:16:14 CH01 done
2026-09-27T11:16:14 STEP 第1章 LEDGER記録完了 → 第2章へ
2026-09-27T11:17:50 CALL writer write_ch02.packet.md -> ch02_write_a1.out
2026-09-27T11:17:50   inbox: write_ch02 (4681 chars) author=writer
2026-09-27T11:17:50 STEP 第2章 下書き1稿を作成（4434字）→ 次は審査
2026-09-27T11:18:11 CALL reviewer review_ch02.packet.md -> ch02_review_a1.out
2026-09-27T11:18:11   inbox: review_ch02 (288 chars) author=reviewer
2026-09-27T11:18:11 CH02 fail a1: 1 problems
2026-09-27T11:18:11 STEP 第2章 不合格（1件）→ 書き直し（2稿目）
2026-09-27T11:19:08 CALL writer write_ch02.packet.md -> ch02_write_a2.out
2026-09-27T11:19:08   inbox: write_ch02 (6942 chars) author=writer
2026-09-27T11:19:08 STEP 第2章 下書き2稿を作成（6605字）→ 次は審査
2026-09-27T11:19:09 CALL reviewer review_ch02.packet.md -> ch02_review_a2.out
2026-09-27T11:19:09   inbox: review_ch02 (502 chars) author=reviewer
2026-09-27T11:19:09 CH02 accepted
2026-09-27T11:19:09 STEP 第2章 合格（6605字）／軽微な指摘2件は記録のみ → chapters/ch02.md に確定 → 次はLEDGER記録
2026-09-27T11:19:34 CALL reviewer ledger_ch02.packet.md -> ch02_ledger_a1.out
2026-09-27T11:19:34   inbox: ledger_ch02 (2462 chars) author=reviewer
2026-09-27T11:19:34 CH02 done
2026-09-27T11:19:34 STEP 第2章 LEDGER記録完了 → 第3章へ
2026-09-27T11:21:52 CALL writer write_ch03.packet.md -> ch03_write_a1.out
2026-09-27T11:21:52   inbox: write_ch03 (6376 chars) author=writer
2026-09-27T11:21:52 STEP 第3章 下書き1稿を作成（6139字）→ 次は審査
2026-09-27T11:21:52 CALL reviewer review_ch03.packet.md -> ch03_review_a1.out
2026-09-27T11:21:52   inbox: review_ch03 (452 chars) author=reviewer
2026-09-27T11:21:52 CH03 accepted
2026-09-27T11:21:52 STEP 第3章 合格（6139字）／軽微な指摘2件は記録のみ → chapters/ch03.md に確定 → 次はLEDGER記録
2026-09-27T11:22:13 CALL reviewer ledger_ch03.packet.md -> ch03_ledger_a1.out
2026-09-27T11:22:13   inbox: ledger_ch03 (1971 chars) author=reviewer
2026-09-27T11:22:13 CH03 done
2026-09-27T11:22:13 STEP 第3章 LEDGER記録完了 → 第4章へ
2026-09-27T11:24:21 CALL writer write_ch04.packet.md -> ch04_write_a1.out
2026-09-27T11:24:21   inbox: write_ch04 (7145 chars) author=writer
2026-09-27T11:24:21 STEP 第4章 下書き1稿を作成（6769字）→ 次は審査
2026-09-27T11:25:24 CALL reviewer review_ch04.packet.md -> ch04_review_a1.out
2026-09-27T11:25:24   inbox: review_ch04 (482 chars) author=reviewer
2026-09-27T11:25:24 CH04 accepted
2026-09-27T11:25:24 STEP 第4章 合格（6769字）／軽微な指摘2件は記録のみ → chapters/ch04.md に確定 → 次はLEDGER記録
2026-09-27T11:25:24 CALL reviewer ledger_ch04.packet.md -> ch04_ledger_a1.out
2026-09-27T11:25:24   inbox: ledger_ch04 (2273 chars) author=reviewer
2026-09-27T11:25:24 CH04 done
2026-09-27T11:25:24 STEP 第4章 LEDGER記録完了 → 第5章へ
2026-09-27T11:26:52 RESOLVE None ['--relock']
2026-09-27T11:29:06 CALL writer write_ch05.packet.md -> ch05_write_a1.out
2026-09-27T11:29:06   inbox: write_ch05 (6635 chars) author=writer
2026-09-27T11:29:06 STEP 第5章 下書き1稿を作成（6292字）→ 次は審査
2026-09-27T11:29:36 CALL reviewer review_ch05.packet.md -> ch05_review_a1.out
2026-09-27T11:29:36   inbox: review_ch05 (492 chars) author=reviewer
2026-09-27T11:29:36 CH05 accepted
2026-09-27T11:29:36 STEP 第5章 合格（6292字）／軽微な指摘2件は記録のみ → chapters/ch05.md に確定 → 次はLEDGER記録
2026-09-27T11:29:36 CALL reviewer ledger_ch05.packet.md -> ch05_ledger_a1.out
2026-09-27T11:29:36   inbox: ledger_ch05 (2238 chars) author=reviewer
2026-09-27T11:29:36 CH05 done
2026-09-27T11:29:36 STEP 第5章 LEDGER記録完了 → 第6章へ
2026-09-27T11:31:56 CALL writer write_ch06.packet.md -> ch06_write_a1.out
2026-09-27T11:31:56   inbox: write_ch06 (6333 chars) author=writer
2026-09-27T11:31:56 STEP 第6章 下書き1稿を作成（6065字）→ 次は審査
2026-09-27T11:31:56 CALL reviewer review_ch06.packet.md -> ch06_review_a1.out
2026-09-27T11:31:56   inbox: review_ch06 (589 chars) author=reviewer
2026-09-27T11:31:56 CH06 accepted
2026-09-27T11:31:56 STEP 第6章 合格（6065字）／軽微な指摘2件は記録のみ → chapters/ch06.md に確定 → 次はLEDGER記録
2026-09-27T11:31:56 CALL reviewer ledger_ch06.packet.md -> ch06_ledger_a1.out
2026-09-27T11:31:56   inbox: ledger_ch06 (2021 chars) author=reviewer
2026-09-27T11:31:56 CH06 done
2026-09-27T11:31:56 STEP 第6章 LEDGER記録完了 → 第7章へ
2026-09-27T11:32:36 RESOLVE None ['--relock']
2026-09-27T11:34:53 CALL writer write_ch07.packet.md -> ch07_write_a1.out
2026-09-27T11:34:53   inbox: write_ch07 (6352 chars) author=writer
2026-09-27T11:34:53 STEP 第7章 下書き1稿を作成（6034字）→ 次は審査
2026-09-27T11:35:17 CALL reviewer review_ch07.packet.md -> ch07_review_a1.out
2026-09-27T11:35:17   inbox: review_ch07 (481 chars) author=reviewer
2026-09-27T11:35:17 CH07 accepted
2026-09-27T11:35:17 STEP 第7章 合格（6034字）／軽微な指摘2件は記録のみ → chapters/ch07.md に確定 → 次はLEDGER記録
2026-09-27T11:35:17 CALL reviewer ledger_ch07.packet.md -> ch07_ledger_a1.out
2026-09-27T11:35:17   inbox: ledger_ch07 (1820 chars) author=reviewer
2026-09-27T11:35:17 CH07 done
2026-09-27T11:35:17 STEP 第7章 LEDGER記録完了 → 全章そろった。最終工程へ
2026-09-27T11:35:17 STEP output/final.md を結合（44607字） → 最終審査へ
2026-09-27T11:35:43 CALL reviewer final.packet.md -> final_review.out
2026-09-27T11:35:43   inbox: final (592 chars) author=reviewer
2026-09-27T11:35:43 STEP 最終審査合格。output/final.md と output/final_report.md が完成品です
2026-09-27T12:49:13 RESOLVE None ['--relock']
