## CH02
SUMMARY: 二十三日、エーリカは書庫から自分で下ろした登録簿をカウンターの端で読む。後ろに麻糸で別綴じされた頁に一度だけ触れ、何も言わない。二日酔いのダリオに扉の修理代を金貨六枚と銀貨十二枚と即答する。組合の雑役の亜人四人（ザザ、ヴェイ、コル、ドゥン）が紹介される。ドゥンは床の震えでエーリカの足を知り、井戸の縁の右の石が揺れると教える。コルは黒猫の尾の親父の催促をそのまま読み上げる。エーリカに覚えているかと訊かれたザザは、右の膝をかばう足を覚えている、前はかばっていなかったと答える。夕方五つ半、参事会の封蝋の書状が届くが、エーリカは封を切らない。
FACT: 登録簿は牛革の表紙。組合員の頁は黒い絹糸、雑役の頁は後ろに生成りの麻糸で別綴じされている。エーリカは麻糸に一度だけ触れ、何も言わなかった。
FACT: マスターは十年間、登録簿の後ろの頁を開いたことがない。
FACT: 扉の修理代は金貨六枚と銀貨十二枚。エーリカは参事会の差し押さえ払い出しの帳面で知っていた（隣の机の書記が書いた）。
FACT: ダリオは子どものころ、弓の名手ランゲの噂を聞いた。エーリカは林檎の真ん中を射たと言った。
FACT: 雑役の亜人は四人：ザザ（掃除番、蜥蜴人）、ヴェイ（灰狼族、下の谷の家から通いで荷運びと夜番）、コル（鴉人、伝令、厩の梁の上で寝る、伝言を一字も盛らない）、ドゥン（土竜人、井戸の手入れ、床の震えで人を知る）。
FACT: ドゥンは「新しい人の足は、左が重い」と言い、井戸の縁の右の石は少し揺れると教えた。
FACT: 黒猫の尾の親父から、ダリオのつけは銀貨四枚と銅貨十一枚。
FACT: ザザはエーリカに「足を覚えている。右の膝をかばう足だ」「前は、かばっていなかった」と答えた。
FACT: 二十三日夕方五つ半の鐘のあと、コルが参事会の封蝋の書状を届けた。エーリカは封を切らず、爪で封蝋の縁をなぞった。
SLOT: Z1=planted | 描写: 「わたしを覚えている？」にザザが足で答え、訊かれていない「前」がいつかは言わない
SLOT: H1=reinforced | 描写: 登録簿の後ろの麻糸の別綴じに指で触れて何も言わない。扉の修理代を金額まで即答する
STATE_MASTER: エーリカを帳面で人を覚える人間と見ている。別綴じには気づいたが意味は考えていない。書状の中身は知らない
STATE_ERIKA: 登録簿を一日で読み通した。雑役の亜人たちと顔を合わせた。参事会の書状の封を切らずにいる
STATE_MAGDA: 登場なし
THREAD: なし
OPEN: 参事会の書状には何が書いてあるのか
OPEN: なぜエーリカは封を切らないのか
LAST: それから、爪の先で、封蝋の縁を一度だけなぞった。指に、蝋の欠けらが少しついた。
