## CH06
SUMMARY: 二十四日の霜の夜、八つの鐘のころ、ヴェイの子ハクとチィが裏口へスープをもらいに来る。裏口のスープは組合の規約ではなく店の決まりで、ひと月前までは給仕の娘の仕事だった。ハクは妹に先に椀を渡し、じゃがいもの大きさで兄妹が揉める。階段の途中で見ていたエーリカが下りてきて、昼に中庭の霜に小さな足跡が二つあった、片方は右足を少し外に向けて歩く子だと言い、チィの歩き方と合う。チィは前のおねえちゃんのスープのほうがおいしかった、赤蕪をもっと小さく切っていたと言う。エーリカは「あの子がいなくなってから、スープは、あなたが」と言い、マスターは「ええ」と答える。迎えに来たヴェイは、組合長は僕たちを外すのか、外さないなら何をするんだと問う。エーリカは答えず、別れぎわにヴェイに小声で何か言う。マスターには聞こえない。
FACT: 裏口のスープは店の決まりで、組合の規約には書いていない。雑役の亜人とその家の子に毎晩一杯。今夜は豆と赤蕪。
FACT: ハクは八つくらいの男の子、チィは五つくらいの女の子。チィは右足の爪先を少し外に向けて歩く。
FACT: エーリカは昼のうちに中庭の霜で、裏口の前で止まって戻る子どもの足跡を二つ見ていた。
FACT: チィ「おじさんのスープは、前のほうがおいしかった」「おねえちゃんは、赤蕪をもっと小さく切ってた」。
FACT: エーリカ「前は、あの白い耳の子が運んでいたのでしょう。あの子がいなくなってから、スープは、あなたが」。マスター「ええ」。
FACT: ヴェイの一人称は「僕」。ヴェイは鼻を上げてエーリカの匂いを覚えた。
FACT: 内示の噂はコルを通じて厩と下の谷に届いている。ヴェイ「組合長は、僕たちを外すのか」「外さないなら、何をするんだ」。エーリカは答えなかった。
FACT: チィはエーリカに足が痛いのかと訊き、エーリカは寒い夜は少しと答えた。
FACT: エーリカは別れぎわ、ヴェイに小声で何か言い、ヴェイはうなずいた。マスターには聞こえなかった。
SLOT: H1=reinforced | 描写: 昼の霜の足跡二つから、右足を外に向けて歩く子を言い当て、チィの歩き方と合う。マスターは霜を見ていなかった
STATE_MASTER: エーリカの目が自分より細かいと知った。ヴェイへの小声の中身は知らない
STATE_ERIKA: 子どもたちを待って階段にいた。ヴェイの問いに答えず、小声で何かを頼んだ
STATE_MAGDA: 登場なし
THREAD: S8 チビたちが裏口へスープをもらいに来た
THREAD: S13 の種 エーリカはルルについて「いなくなってから」と言った
OPEN: エーリカはヴェイに何を言ったのか
OPEN: 外さないなら、エーリカは何をするのか
LAST: 鍋は冷えかけていて、閂を戻す手が少しかじかんだ。
