## CH10
SUMMARY: 師走の朔日、薄曇りで雪の匂いがする。十の鐘の前に隊長が来て、留め金を外したままマスターと天気の話をする。十の鐘、参事会書記局のヨーナスが帳面を抱えて来る。帳面から昼飯の献立が落ちる。ヨーナスは返書を屁理屈と言い、ここで亜人の名を外せと迫る。エーリカは登録簿の麻糸で綴じ足された雑役の頁と、規約の第三条・第九条を開き、「登録簿に、亜人の組合員はおりません」と返書と同じ言葉を言う。ヨーナスはザザに組合員だろうと詰め寄る。ザザは「違う」と答え、誰が言ったかに「右の膝をかばう足が」、言い直して「組合長が」、いつかに「四日前の夜。厩で」と答える。マスターは閂の夜にエーリカが厩へ行って規約のことを話したのだろうと推測する。ヨーナスがザザに迫りかけたとき、隊長が留め金を留め直し、隊長の声で、規約の読み方は参事会で議決すればいい、亜人に訊いても答えは変わらない、嘘をつけないのだからと言い、ヨーナスの面子を立てて広場まで送り出す。残った誰も、エーリカに仕組んだのかとは訊かない。
FACT: 朔日は薄曇りで雪の匂いがした。門番の爺さんの膝によれば雪は明日。
FACT: 十の鐘の前、隊長は上の留め金を外したまま待っていた。
FACT: ヨーナスは三十すぎの痩せた男。帳面を胸に抱え、袖口にインクの染みが三つ。エーリカを「ランゲさん」と呼び、「組合長」と言い直した。帳面から『朔日　昼　参事会館　豆の煮込み、黒パン、林檎』の献立が落ち、ダリオが読み上げた。
FACT: ヨーナス「返書は、拝見しました」「屁理屈は困ります」「いま、ここで、亜人の名を外していただく」。
FACT: エーリカは登録簿の麻糸の雑役の頁と、規約の第三条・第九条（栞が挟んであった）を開き、「登録簿に、亜人の組合員はおりません」と言った。返書と同じ言葉。
FACT: ザザはヨーナスに「違う」と答えた。誰が言ったかには「右の膝をかばう足が」、言い直して「組合長が」。いつかには「四日前の夜。厩で」。
FACT: マスターは、四日前の夜にエーリカが厩へ行き規約のことを話したのだろうと推測した。確かめてはいない。
FACT: 隊長は留め金を留め直し、隊長の声で「規約の読み方は、参事会でお決めになればいい」「ここで亜人に訊いても、答えは変わりませんよ。嘘をつけないんですから」と言い、ヨーナスを広場まで送り出した。ヨーナスは「上の方に、言われて来ただけで」と言った。
FACT: 残ったエーリカ、ダリオ、ザザ、マスターの誰も、エーリカに「あなたが仕組んだのか」と訊かなかった。
SLOT: K1=recovered | 描写: 登録簿の麻糸の別綴じと規約の第三条・第九条を開き、「登録簿に、亜人の組合員はおりません」。ザザの「違う」
SLOT: Z1=recovered | 描写: ザザが字義どおりに「違う」「右の膝をかばう足が」「組合長が」「四日前の夜。厩で」と答え、閂の夜の行き先を運ぶ
SLOT: M1=reinforced | 描写: 外していた上の留め金を、ヨーナスがザザに迫った瞬間にカチリと留め直し、隊長の声に戻って場を収める
STATE_MASTER: 閂の夜、エーリカが厩で規約の話をしたのだろうと推測している。誰にも言わない
STATE_ERIKA: 嘘をつかず、長の命も使わずに内示を退けた。何も説明しない
STATE_MAGDA: 隊長に戻ってヨーナスを送り出した。何も言わずに出た
THREAD: S5 内示は検分の場で退けられた。参事会がどう出るかは未定
OPEN: 参事会は次に何をするのか
OPEN: エーリカは厩で、ほかに何を言ったのか
LAST: ダリオでさえ、訊かなかった。
