## CH11
SUMMARY: 朔日の六つ、ヴェイが裏口から来る。四日前の夜、ヴェイも厩にいて、組合長がそう書くと言ったのを聞いていた。組合員でないなら僕たちは何だと問うヴェイに、エーリカは紙の上では何でもない、紙の上でしか守れなかったと答える。ヴェイは、なら紙の外ではと問い、エーリカは答えない。スープは店の決まりで規約とは関係ないとマスターが言う。マスターは名前と線のことを考える。マスターがザザに、厩でほかに何と言ったかと訊くと、ザザは規約の二つの条、参事会にそう書くこと、そして「すまない」と言ったこと、四人の寝床を霜と藁の足跡で言い当てたことを答える。言わなかったことは数に入らない。七つ前、隊長が来て、参事会は内示を引っ込め、助成の打ち切りを春の議にかけると伝える。エーリカが二階へ上がったあと、隊長は「エーリカは、見たものを言わない。アーデルは、言わせないで使う。私は」と言いかけ、手紙の一行の意味も言いかけてやめ、明日になれば分かると言う。
FACT: 四日前（霜月二十七日）の夜、ヴェイも厩にいた。エーリカは厩で、規約の第三条と第九条、誓いを立てていない者は組合員ではない、参事会にそう書く、あなたたちを登録簿に残すために、と言った。
FACT: エーリカは厩で「すまない」と言った。
FACT: エーリカは厩の四人の寝床を霜と藁の足跡で言い当てた。ザザは奥の藁、ドゥンは窓の下、ヴェイは戸の脇、コルは梁の上。
FACT: ヴェイ「組合員でないなら、僕たちは、何だ」「なら、紙の外では」。エーリカ「紙の上では、何でもありません」「紙の上でしか、守れませんでした」。紙の外については答えなかった。
FACT: 登録簿の名前、厩の二階、裏口のスープ、仕事はそのまま。スープは店の決まりで、組合の規約とは関係ない。
FACT: マスターの登録簿の行には、組合を抜けたときに線が引かれたはず。
FACT: ヨーナスは参事会館の昼飯に間に合い、豆の煮込みを半分残した。上の参事に絞られる見込み。
FACT: 参事会は内示を引っ込め、助成の打ち切りそのものを春の議にかける。今度は賛成した参事の名が並ぶ。隊長「お前のおかげだよ。褒めてない」。
FACT: 隊長「エーリカは、見たものを言わない。アーデルは、言わせないで使う。私は」——続きは言わなかった。手紙の一行の意味も言いかけてやめ、「明日になれば分かる」と言った。
FACT: 石取りでザザが白い石を置き、マスターの黒の最後の二目のうち一つが死んだ。
SLOT: H1=recovered | 描写: ザザの答えで、エーリカが厩の四人の寝床を霜と藁の足跡で言い当てていたと分かる。梁の上のコルの場所まで
STATE_MASTER: 厩の夜の中身を、ザザの答えで知った。隊長の言いかけた続きは分からない
STATE_ERIKA: 守れたのは紙の上だけだと認めた。紙の外の答えを持たない。先に休んだ
STATE_MAGDA: 参事会の次の手を伝えた。エーリカと夫人について、本音に近いことを言いかけてやめた
THREAD: S5 参事会は内示を引っ込め、助成打ち切りを春の議にかける。続く
OPEN: 紙の外で、亜人たちは何なのか
OPEN: 隊長の「私は」の続きと、手紙の一行の意味は何か
LAST: 「まあいい。明日になれば分かる」
